Component: ARM Compiler 5.06 update 6 (build 750) Tool: armlink [4d35ed]

==============================================================================

Section Cross References

    startup_stm32f103x6.o(RESET) refers to startup_stm32f103x6.o(STACK) for __initial_sp
    startup_stm32f103x6.o(RESET) refers to startup_stm32f103x6.o(.text) for Reset_Handler
    startup_stm32f103x6.o(RESET) refers to stm32f1xx_it.o(i.NMI_Handler) for NMI_Handler
    startup_stm32f103x6.o(RESET) refers to stm32f1xx_it.o(i.HardFault_Handler) for HardFault_Handler
    startup_stm32f103x6.o(RESET) refers to stm32f1xx_it.o(i.MemManage_Handler) for MemManage_Handler
    startup_stm32f103x6.o(RESET) refers to stm32f1xx_it.o(i.BusFault_Handler) for BusFault_Handler
    startup_stm32f103x6.o(RESET) refers to stm32f1xx_it.o(i.UsageFault_Handler) for UsageFault_Handler
    startup_stm32f103x6.o(RESET) refers to stm32f1xx_it.o(i.SVC_Handler) for SVC_Handler
    startup_stm32f103x6.o(RESET) refers to stm32f1xx_it.o(i.DebugMon_Handler) for DebugMon_Handler
    startup_stm32f103x6.o(RESET) refers to stm32f1xx_it.o(i.PendSV_Handler) for PendSV_Handler
    startup_stm32f103x6.o(RESET) refers to stm32f1xx_it.o(i.SysTick_Handler) for SysTick_Handler
    startup_stm32f103x6.o(RESET) refers to stm32f1xx_it.o(i.DMA1_Channel6_IRQHandler) for DMA1_Channel6_IRQHandler
    startup_stm32f103x6.o(RESET) refers to stm32f1xx_it.o(i.DMA1_Channel7_IRQHandler) for DMA1_Channel7_IRQHandler
    startup_stm32f103x6.o(RESET) refers to stm32f1xx_it.o(i.USART2_IRQHandler) for USART2_IRQHandler
    startup_stm32f103x6.o(.text) refers to system_stm32f1xx.o(i.SystemInit) for SystemInit
    startup_stm32f103x6.o(.text) refers to entry.o(.ARM.Collect$$$$00000000) for __main
    main.o(i.HAL_UART_RxCpltCallback) refers to printfa.o(i.__0printf) for __2printf
    main.o(i.HAL_UART_RxCpltCallback) refers to stm32f1xx_hal_uart.o(i.HAL_UART_Receive_IT) for HAL_UART_Receive_IT
    main.o(i.HAL_UART_RxCpltCallback) refers to main.o(.data) for .data
    main.o(i.HAL_UART_RxCpltCallback) refers to main.o(.bss) for .bss
    main.o(i.MPU6050_Init) refers to stm32f1xx_hal_i2c.o(i.HAL_I2C_Mem_Read) for HAL_I2C_Mem_Read
    main.o(i.MPU6050_Init) refers to stm32f1xx_hal_i2c.o(i.HAL_I2C_Mem_Write) for HAL_I2C_Mem_Write
    main.o(i.MPU6050_Init) refers to main.o(.bss) for .bss
    main.o(i.MPU6050_Read_Accel) refers to stm32f1xx_hal_i2c.o(i.HAL_I2C_Mem_Read) for HAL_I2C_Mem_Read
    main.o(i.MPU6050_Read_Accel) refers to dflti.o(.text) for __aeabi_i2d
    main.o(i.MPU6050_Read_Accel) refers to dscalb.o(.text) for __ARM_scalbn
    main.o(i.MPU6050_Read_Accel) refers to d2f.o(.text) for __aeabi_d2f
    main.o(i.MPU6050_Read_Accel) refers to main.o(.bss) for .bss
    main.o(i.MPU6050_Read_Accel) refers to main.o(.data) for .data
    main.o(i.MPU6050_Read_Gyro) refers to stm32f1xx_hal_i2c.o(i.HAL_I2C_Mem_Read) for HAL_I2C_Mem_Read
    main.o(i.MPU6050_Read_Gyro) refers to dflti.o(.text) for __aeabi_i2d
    main.o(i.MPU6050_Read_Gyro) refers to ddiv.o(.text) for __aeabi_ddiv
    main.o(i.MPU6050_Read_Gyro) refers to d2f.o(.text) for __aeabi_d2f
    main.o(i.MPU6050_Read_Gyro) refers to main.o(.bss) for .bss
    main.o(i.MPU6050_Read_Gyro) refers to main.o(.data) for .data
    main.o(i.OUT_M) refers to f2d.o(.text) for __aeabi_f2d
    main.o(i.OUT_M) refers to printfa.o(i.__0printf) for __2printf
    main.o(i.QMC5883l_Init) refers to stm32f1xx_hal_i2c.o(i.HAL_I2C_Mem_Write) for HAL_I2C_Mem_Write
    main.o(i.QMC5883l_Init) refers to main.o(.bss) for .bss
    main.o(i.Read_QMC5883l) refers to stm32f1xx_hal_i2c.o(i.HAL_I2C_Mem_Read) for HAL_I2C_Mem_Read
    main.o(i.Read_QMC5883l) refers to dflti.o(.text) for __aeabi_i2d
    main.o(i.Read_QMC5883l) refers to ddiv.o(.text) for __aeabi_ddiv
    main.o(i.Read_QMC5883l) refers to d2f.o(.text) for __aeabi_d2f
    main.o(i.Read_QMC5883l) refers to main.o(.bss) for .bss
    main.o(i.Read_QMC5883l) refers to main.o(.data) for .data
    main.o(i.SystemClock_Config) refers to memseta.o(.text) for __aeabi_memclr4
    main.o(i.SystemClock_Config) refers to stm32f1xx_hal_rcc.o(i.HAL_RCC_OscConfig) for HAL_RCC_OscConfig
    main.o(i.SystemClock_Config) refers to stm32f1xx_hal_rcc.o(i.HAL_RCC_ClockConfig) for HAL_RCC_ClockConfig
    main.o(i.XuatMaTran) refers to f2d.o(.text) for __aeabi_f2d
    main.o(i.XuatMaTran) refers to printfa.o(i.__0printf) for __2printf
    main.o(i.XuatMaTran1) refers to f2d.o(.text) for __aeabi_f2d
    main.o(i.XuatMaTran1) refers to printfa.o(i.__0printf) for __2printf
    main.o(i.XuatMaTran2) refers to f2d.o(.text) for __aeabi_f2d
    main.o(i.XuatMaTran2) refers to printfa.o(i.__0printf) for __2printf
    main.o(i.fputc) refers to stm32f1xx_hal_uart.o(i.HAL_UART_Transmit) for HAL_UART_Transmit
    main.o(i.fputc) refers to main.o(.bss) for .bss
    main.o(i.main) refers to stm32f1xx_hal.o(i.HAL_Init) for HAL_Init
    main.o(i.main) refers to main.o(i.SystemClock_Config) for SystemClock_Config
[...]
    Removing main.o(.data), (4 bytes).
    Removing main.o(.data), (4 bytes).
    Removing main.o(.data), (4 bytes).
    Removing main.o(.data), (4 bytes).
    Removing main.o(.data), (4 bytes).
    Removing main.o(.data), (4 bytes).
    Removing main.o(.data), (4 bytes).
    Removing main.o(.data), (4 bytes).
    Removing main.o(.data), (4 bytes).
    Removing main.o(.data), (4 bytes).
    Removing main.o(.data), (4 bytes).
    Removing stm32f1xx_it.o(.rev16_text), (4 bytes).
    Removing stm32f1xx_it.o(.revsh_text), (4 bytes).
    Removing stm32f1xx_it.o(.rrx_text), (6 bytes).
    Removing stm32f1xx_hal_msp.o(.rev16_text), (4 bytes).
    Removing stm32f1xx_hal_msp.o(.revsh_text), (4 bytes).
    Removing stm32f1xx_hal_msp.o(.rrx_text), (6 bytes).
    Removing stm32f1xx_hal_msp.o(i.HAL_I2C_MspDeInit), (40 bytes).
    Removing stm32f1xx_hal_msp.o(i.HAL_UART_MspDeInit), (68 bytes).
    Removing stm32f1xx_hal_gpio_ex.o(.rev16_text), (4 bytes).
    Removing stm32f1xx_hal_gpio_ex.o(.revsh_text), (4 bytes).
    Removing stm32f1xx_hal_gpio_ex.o(.rrx_text), (6 bytes).
    Removing stm32f1xx_hal_gpio_ex.o(i.HAL_GPIOEx_ConfigEventout), (20 bytes).
    Removing stm32f1xx_hal_gpio_ex.o(i.HAL_GPIOEx_DisableEventout), (16 bytes).
    Removing stm32f1xx_hal_gpio_ex.o(i.HAL_GPIOEx_EnableEventout), (16 bytes).
    Removing stm32f1xx_hal_i2c.o(.rev16_text), (4 bytes).
    Removing stm32f1xx_hal_i2c.o(.revsh_text), (4 bytes).
    Removing stm32f1xx_hal_i2c.o(.rrx_text), (6 bytes).
    Removing stm32f1xx_hal_i2c.o(i.HAL_I2C_AbortCpltCallback), (2 bytes).
    Removing stm32f1xx_hal_i2c.o(i.HAL_I2C_AddrCallback), (2 bytes).
    Removing stm32f1xx_hal_i2c.o(i.HAL_I2C_DeInit), (50 bytes).
    Removing stm32f1xx_hal_i2c.o(i.HAL_I2C_DisableListen_IT), (68 bytes).
    Removing stm32f1xx_hal_i2c.o(i.HAL_I2C_ER_IRQHandler), (196 bytes).
    Removing stm32f1xx_hal_i2c.o(i.HAL_I2C_EV_IRQHandler), (602 bytes).
    Removing stm32f1xx_hal_i2c.o(i.HAL_I2C_EnableListen_IT), (58 bytes).
    Removing stm32f1xx_hal_i2c.o(i.HAL_I2C_ErrorCallback), (2 bytes).
    Removing stm32f1xx_hal_i2c.o(i.HAL_I2C_GetError), (4 bytes).
    Removing stm32f1xx_hal_i2c.o(i.HAL_I2C_GetMode), (6 bytes).
    Removing stm32f1xx_hal_i2c.o(i.HAL_I2C_GetState), (6 bytes).
    Removing stm32f1xx_hal_i2c.o(i.HAL_I2C_IsDeviceReady), (344 bytes).
    Removing stm32f1xx_hal_i2c.o(i.HAL_I2C_ListenCpltCallback), (2 bytes).
    Removing stm32f1xx_hal_i2c.o(i.HAL_I2C_MasterRxCpltCallback), (2 bytes).
    Removing stm32f1xx_hal_i2c.o(i.HAL_I2C_MasterTxCpltCallback), (2 bytes).
    Removing stm32f1xx_hal_i2c.o(i.HAL_I2C_Master_Abort_IT), (86 bytes).
    Removing stm32f1xx_hal_i2c.o(i.HAL_I2C_Master_Receive), (524 bytes).
    Removing stm32f1xx_hal_i2c.o(i.HAL_I2C_Master_Receive_DMA), (320 bytes).
    Removing stm32f1xx_hal_i2c.o(i.HAL_I2C_Master_Receive_IT), (200 bytes).
    Removing stm32f1xx_hal_i2c.o(i.HAL_I2C_Master_Seq_Receive_DMA), (480 bytes).
    Removing stm32f1xx_hal_i2c.o(i.HAL_I2C_Master_Seq_Receive_IT), (300 bytes).
    Removing stm32f1xx_hal_i2c.o(i.HAL_I2C_Master_Seq_Transmit_DMA), (400 bytes).
    Removing stm32f1xx_hal_i2c.o(i.HAL_I2C_Master_Seq_Transmit_IT), (212 bytes).
    Removing stm32f1xx_hal_i2c.o(i.HAL_I2C_Master_Transmit), (300 bytes).
    Removing stm32f1xx_hal_i2c.o(i.HAL_I2C_Master_Transmit_DMA), (320 bytes).
    Removing stm32f1xx_hal_i2c.o(i.HAL_I2C_Master_Transmit_IT), (188 bytes).
    Removing stm32f1xx_hal_i2c.o(i.HAL_I2C_MemRxCpltCallback), (2 bytes).
    Removing stm32f1xx_hal_i2c.o(i.HAL_I2C_MemTxCpltCallback), (2 bytes).
    Removing stm32f1xx_hal_i2c.o(i.HAL_I2C_Mem_Read_DMA), (392 bytes).
    Removing stm32f1xx_hal_i2c.o(i.HAL_I2C_Mem_Read_IT), (224 bytes).
    Removing stm32f1xx_hal_i2c.o(i.HAL_I2C_Mem_Write_DMA), (336 bytes).
    Removing stm32f1xx_hal_i2c.o(i.HAL_I2C_Mem_Write_IT), (212 bytes).
    Removing stm32f1xx_hal_i2c.o(i.HAL_I2C_MspDeInit), (2 bytes).
    Removing stm32f1xx_hal_i2c.o(i.HAL_I2C_MspInit), (2 bytes).
    Removing stm32f1xx_hal_i2c.o(i.HAL_I2C_SlaveRxCpltCallback), (2 bytes).
    Removing stm32f1xx_hal_i2c.o(i.HAL_I2C_SlaveTxCpltCallback), (2 bytes).
    Removing stm32f1xx_hal_i2c.o(i.HAL_I2C_Slave_Receive), (364 bytes).
    Removing stm32f1xx_hal_i2c.o(i.HAL_I2C_Slave_Receive_DMA), (204 bytes).
    Removing stm32f1xx_hal_i2c.o(i.HAL_I2C_Slave_Receive_IT), (124 bytes).
    Removing stm32f1xx_hal_i2c.o(i.HAL_I2C_Slave_Seq_Receive_DMA), (328 bytes).
    Removing stm32f1xx_hal_i2c.o(i.HAL_I2C_Slave_Seq_Receive_IT), (116 bytes).
    Removing stm32f1xx_hal_i2c.o(i.HAL_I2C_Slave_Seq_Transmit_DMA), (328 bytes).
    Removing stm32f1xx_hal_i2c.o(i.HAL_I2C_Slave_Seq_Transmit_IT), (116 bytes).
    Removing stm32f1xx_hal_i2c.o(i.HAL_I2C_Slave_Transmit), (348 bytes).
    Removing stm32f1xx_hal_i2c.o(i.HAL_I2C_Slave_Transmit_DMA), (204 bytes).
    Removing stm32f1xx_hal_i2c.o(i.HAL_I2C_Slave_Transmit_IT), (124 bytes).
    Removing stm32f1xx_hal_i2c.o(i.I2C_DMAAbort), (126 bytes).
    Removing stm32f1xx_hal_i2c.o(i.I2C_DMAError), (50 bytes).
    Removing stm32f1xx_hal_i2c.o(i.I2C_DMAXferCplt), (262 bytes).
    Removing stm32f1xx_hal_i2c.o(i.I2C_ITError), (320 bytes).
    Removing stm32f1xx_hal_i2c.o(i.I2C_MasterReceive_BTF), (210 bytes).
    Removing stm32f1xx_hal_i2c.o(i.I2C_MasterReceive_RXNE), (146 bytes).
    Removing stm32f1xx_hal_i2c.o(i.I2C_MasterRequestRead), (212 bytes).
    Removing stm32f1xx_hal_i2c.o(i.I2C_MasterRequestWrite), (136 bytes).
    Removing stm32f1xx_hal_i2c.o(i.I2C_MasterTransmit_BTF), (130 bytes).
    Removing stm32f1xx_hal_i2c.o(i.I2C_MasterTransmit_TXE), (260 bytes).
    Removing stm32f1xx_hal_i2c.o(i.I2C_Master_ADDR), (344 bytes).
    Removing stm32f1xx_hal_i2c.o(i.I2C_Master_SB), (142 bytes).
    Removing stm32f1xx_hal_i2c.o(i.I2C_Slave_AF), (132 bytes).
    Removing stm32f1xx_hal_i2c.o(i.I2C_Slave_STOPF), (348 bytes).
    Removing stm32f1xx_hal.o(.rev16_text), (4 bytes).
    Removing stm32f1xx_hal.o(.revsh_text), (4 bytes).
    Removing stm32f1xx_hal.o(.rrx_text), (6 bytes).
    Removing stm32f1xx_hal.o(i.HAL_DBGMCU_DisableDBGSleepMode), (16 bytes).
    Removing stm32f1xx_hal.o(i.HAL_DBGMCU_DisableDBGStandbyMode), (16 bytes).
    Removing stm32f1xx_hal.o(i.HAL_DBGMCU_DisableDBGStopMode), (16 bytes).
    Removing stm32f1xx_hal.o(i.HAL_DBGMCU_EnableDBGSleepMode), (16 bytes).
    Removing stm32f1xx_hal.o(i.HAL_DBGMCU_EnableDBGStandbyMode), (16 bytes).
    Removing stm32f1xx_hal.o(i.HAL_DBGMCU_EnableDBGStopMode), (16 bytes).
    Removing stm32f1xx_hal.o(i.HAL_DeInit), (32 bytes).
    Removing stm32f1xx_hal.o(i.HAL_GetDEVID), (16 bytes).
    Removing stm32f1xx_hal.o(i.HAL_GetHalVersion), (8 bytes).
    Removing stm32f1xx_hal.o(i.HAL_GetREVID), (12 bytes).
    Removing stm32f1xx_hal.o(i.HAL_GetTickFreq), (12 bytes).
    Removing stm32f1xx_hal.o(i.HAL_GetTickPrio), (12 bytes).
    Removing stm32f1xx_hal.o(i.HAL_GetUIDw0), (12 bytes).
    Removing stm32f1xx_hal.o(i.HAL_GetUIDw1), (12 bytes).
    Removing stm32f1xx_hal.o(i.HAL_GetUIDw2), (12 bytes).
    Removing stm32f1xx_hal.o(i.HAL_MspDeInit), (2 bytes).
    Removing stm32f1xx_hal.o(i.HAL_MspInit), (2 bytes).
    Removing stm32f1xx_hal.o(i.HAL_ResumeTick), (14 bytes).
    Removing stm32f1xx_hal.o(i.HAL_SetTickFreq), (32 bytes).
    Removing stm32f1xx_hal.o(i.HAL_SuspendTick), (14 bytes).
    Removing stm32f1xx_hal_rcc.o(.rev16_text), (4 bytes).
    Removing stm32f1xx_hal_rcc.o(.revsh_text), (4 bytes).
    Removing stm32f1xx_hal_rcc.o(.rrx_text), (6 bytes).
    Removing stm32f1xx_hal_rcc.o(i.HAL_RCC_CSSCallback), (2 bytes).
    Removing stm32f1xx_hal_rcc.o(i.HAL_RCC_DeInit), (220 bytes).
    Removing stm32f1xx_hal_rcc.o(i.HAL_RCC_DisableCSS), (12 bytes).
    Removing stm32f1xx_hal_rcc.o(i.HAL_RCC_EnableCSS), (12 bytes).
    Removing stm32f1xx_hal_rcc.o(i.HAL_RCC_GetClockConfig), (64 bytes).
    Removing stm32f1xx_hal_rcc.o(i.HAL_RCC_GetHCLKFreq), (12 bytes).
    Removing stm32f1xx_hal_rcc.o(i.HAL_RCC_GetOscConfig), (144 bytes).
    Removing stm32f1xx_hal_rcc.o(i.HAL_RCC_MCOConfig), (72 bytes).
    Removing stm32f1xx_hal_rcc.o(i.HAL_RCC_NMI_IRQHandler), (24 bytes).
    Removing stm32f1xx_hal_rcc_ex.o(.rev16_text), (4 bytes).
    Removing stm32f1xx_hal_rcc_ex.o(.revsh_text), (4 bytes).
    Removing stm32f1xx_hal_rcc_ex.o(.rrx_text), (6 bytes).
    Removing stm32f1xx_hal_rcc_ex.o(i.HAL_RCCEx_GetPeriphCLKConfig), (44 bytes).
    Removing stm32f1xx_hal_rcc_ex.o(i.HAL_RCCEx_GetPeriphCLKFreq), (200 bytes).
    Removing stm32f1xx_hal_rcc_ex.o(i.HAL_RCCEx_PeriphCLKConfig), (236 bytes).
    Removing stm32f1xx_hal_gpio.o(.rev16_text), (4 bytes).
    Removing stm32f1xx_hal_gpio.o(.revsh_text), (4 bytes).
    Removing stm32f1xx_hal_gpio.o(.rrx_text), (6 bytes).
    Removing stm32f1xx_hal_gpio.o(i.HAL_GPIO_DeInit), (236 bytes).
    Removing stm32f1xx_hal_gpio.o(i.HAL_GPIO_EXTI_Callback), (2 bytes).
    Removing stm32f1xx_hal_gpio.o(i.HAL_GPIO_EXTI_IRQHandler), (24 bytes).
    Removing stm32f1xx_hal_gpio.o(i.HAL_GPIO_LockPin), (34 bytes).
    Removing stm32f1xx_hal_gpio.o(i.HAL_GPIO_ReadPin), (10 bytes).
    Removing stm32f1xx_hal_dma.o(.rev16_text), (4 bytes).
    Removing stm32f1xx_hal_dma.o(.revsh_text), (4 bytes).
    Removing stm32f1xx_hal_dma.o(.rrx_text), (6 bytes).
    Removing stm32f1xx_hal_dma.o(i.DMA_SetConfig), (42 bytes).
    Removing stm32f1xx_hal_dma.o(i.HAL_DMA_Abort), (70 bytes).
    Removing stm32f1xx_hal_dma.o(i.HAL_DMA_DeInit), (92 bytes).
    Removing stm32f1xx_hal_dma.o(i.HAL_DMA_GetError), (4 bytes).
    Removing stm32f1xx_hal_dma.o(i.HAL_DMA_GetState), (6 bytes).
    Removing stm32f1xx_hal_dma.o(i.HAL_DMA_PollForTransfer), (532 bytes).
    Removing stm32f1xx_hal_dma.o(i.HAL_DMA_RegisterCallback), (74 bytes).
    Removing stm32f1xx_hal_dma.o(i.HAL_DMA_Start), (80 bytes).
    Removing stm32f1xx_hal_dma.o(i.HAL_DMA_Start_IT), (112 bytes).
    Removing stm32f1xx_hal_dma.o(i.HAL_DMA_UnRegisterCallback), (82 bytes).
    Removing stm32f1xx_hal_cortex.o(.rev16_text), (4 bytes).
    Removing stm32f1xx_hal_cortex.o(.revsh_text), (4 bytes).
    Removing stm32f1xx_hal_cortex.o(.rrx_text), (6 bytes).
    Removing stm32f1xx_hal_cortex.o(i.HAL_NVIC_ClearPendingIRQ), (26 bytes).
    Removing stm32f1xx_hal_cortex.o(i.HAL_NVIC_DisableIRQ), (34 bytes).
    Removing stm32f1xx_hal_cortex.o(i.HAL_NVIC_GetActive), (36 bytes).
    Removing stm32f1xx_hal_cortex.o(i.HAL_NVIC_GetPendingIRQ), (36 bytes).
    Removing stm32f1xx_hal_cortex.o(i.HAL_NVIC_GetPriority), (82 bytes).
    Removing stm32f1xx_hal_cortex.o(i.HAL_NVIC_GetPriorityGrouping), (16 bytes).
    Removing stm32f1xx_hal_cortex.o(i.HAL_NVIC_SetPendingIRQ), (26 bytes).
    Removing stm32f1xx_hal_cortex.o(i.HAL_NVIC_SystemReset), (36 bytes).
    Removing stm32f1xx_hal_cortex.o(i.HAL_SYSTICK_CLKSourceConfig), (24 bytes).
    Removing stm32f1xx_hal_cortex.o(i.HAL_SYSTICK_Callback), (2 bytes).
    Removing stm32f1xx_hal_cortex.o(i.HAL_SYSTICK_IRQHandler), (8 bytes).
    Removing stm32f1xx_hal_pwr.o(.rev16_text), (4 bytes).
    Removing stm32f1xx_hal_pwr.o(.revsh_text), (4 bytes).
    Removing stm32f1xx_hal_pwr.o(.rrx_text), (6 bytes).
    Removing stm32f1xx_hal_pwr.o(i.HAL_PWR_ConfigPVD), (124 bytes).
    Removing stm32f1xx_hal_pwr.o(i.HAL_PWR_DeInit), (24 bytes).
    Removing stm32f1xx_hal_pwr.o(i.HAL_PWR_DisableBkUpAccess), (12 bytes).
    Removing stm32f1xx_hal_pwr.o(i.HAL_PWR_DisablePVD), (12 bytes).
    Removing stm32f1xx_hal_pwr.o(i.HAL_PWR_DisableSEVOnPend), (16 bytes).
    Removing stm32f1xx_hal_pwr.o(i.HAL_PWR_DisableSleepOnExit), (16 bytes).
    Removing stm32f1xx_hal_pwr.o(i.HAL_PWR_DisableWakeUpPin), (28 bytes).
    Removing stm32f1xx_hal_pwr.o(i.HAL_PWR_EnableBkUpAccess), (12 bytes).
    Removing stm32f1xx_hal_pwr.o(i.HAL_PWR_EnablePVD), (12 bytes).
    Removing stm32f1xx_hal_pwr.o(i.HAL_PWR_EnableSEVOnPend), (16 bytes).
    Removing stm32f1xx_hal_pwr.o(i.HAL_PWR_EnableSleepOnExit), (16 bytes).
    Removing stm32f1xx_hal_pwr.o(i.HAL_PWR_EnableWakeUpPin), (28 bytes).
    Removing stm32f1xx_hal_pwr.o(i.HAL_PWR_EnterSLEEPMode), (32 bytes).
    Removing stm32f1xx_hal_pwr.o(i.HAL_PWR_EnterSTANDBYMode), (32 bytes).
    Removing stm32f1xx_hal_pwr.o(i.HAL_PWR_EnterSTOPMode), (68 bytes).
    Removing stm32f1xx_hal_pwr.o(i.HAL_PWR_PVDCallback), (2 bytes).
    Removing stm32f1xx_hal_pwr.o(i.HAL_PWR_PVD_IRQHandler), (28 bytes).
    Removing stm32f1xx_hal_pwr.o(i.PWR_OverloadWfe), (6 bytes).
    Removing stm32f1xx_hal_flash.o(.rev16_text), (4 bytes).
    Removing stm32f1xx_hal_flash.o(.revsh_text), (4 bytes).
    Removing stm32f1xx_hal_flash.o(.rrx_text), (6 bytes).
    Removing stm32f1xx_hal_flash.o(i.FLASH_Program_HalfWord), (28 bytes).
    Removing stm32f1xx_hal_flash.o(i.FLASH_SetErrorCode), (92 bytes).
    Removing stm32f1xx_hal_flash.o(i.FLASH_WaitForLastOperation), (84 bytes).
    Removing stm32f1xx_hal_flash.o(i.HAL_FLASH_EndOfOperationCallback), (2 bytes).
    Removing stm32f1xx_hal_flash.o(i.HAL_FLASH_GetError), (12 bytes).
    Removing stm32f1xx_hal_flash.o(i.HAL_FLASH_IRQHandler), (264 bytes).
    Removing stm32f1xx_hal_flash.o(i.HAL_FLASH_Lock), (20 bytes).
    Removing stm32f1xx_hal_flash.o(i.HAL_FLASH_OB_Launch), (4 bytes).
    Removing stm32f1xx_hal_flash.o(i.HAL_FLASH_OB_Lock), (20 bytes).
    Removing stm32f1xx_hal_flash.o(i.HAL_FLASH_OB_Unlock), (36 bytes).
    Removing stm32f1xx_hal_flash.o(i.HAL_FLASH_OperationErrorCallback), (2 bytes).
    Removing stm32f1xx_hal_flash.o(i.HAL_FLASH_Program), (128 bytes).
    Removing stm32f1xx_hal_flash.o(i.HAL_FLASH_Program_IT), (100 bytes).
    Removing stm32f1xx_hal_flash.o(i.HAL_FLASH_Unlock), (40 bytes).
    Removing stm32f1xx_hal_flash.o(.bss), (32 bytes).
    Removing stm32f1xx_hal_flash_ex.o(.rev16_text), (4 bytes).
    Removing stm32f1xx_hal_flash_ex.o(.revsh_text), (4 bytes).
    Removing stm32f1xx_hal_flash_ex.o(.rrx_text), (6 bytes).
    Removing stm32f1xx_hal_flash_ex.o(i.FLASH_MassErase), (36 bytes).
    Removing stm32f1xx_hal_flash_ex.o(i.FLASH_OB_GetRDP), (24 bytes).
    Removing stm32f1xx_hal_flash_ex.o(i.FLASH_OB_RDP_LevelConfig), (100 bytes).
    Removing stm32f1xx_hal_flash_ex.o(i.FLASH_PageErase), (36 bytes).
    Removing stm32f1xx_hal_flash_ex.o(i.HAL_FLASHEx_Erase), (168 bytes).
    Removing stm32f1xx_hal_flash_ex.o(i.HAL_FLASHEx_Erase_IT), (84 bytes).
    Removing stm32f1xx_hal_flash_ex.o(i.HAL_FLASHEx_OBErase), (84 bytes).
    Removing stm32f1xx_hal_flash_ex.o(i.HAL_FLASHEx_OBGetConfig), (36 bytes).
    Removing stm32f1xx_hal_flash_ex.o(i.HAL_FLASHEx_OBGetUserData), (32 bytes).
    Removing stm32f1xx_hal_flash_ex.o(i.HAL_FLASHEx_OBProgram), (324 bytes).
    Removing stm32f1xx_hal_exti.o(.rev16_text), (4 bytes).
    Removing stm32f1xx_hal_exti.o(.revsh_text), (4 bytes).
    Removing stm32f1xx_hal_exti.o(.rrx_text), (6 bytes).
    Removing stm32f1xx_hal_exti.o(i.HAL_EXTI_ClearConfigLine), (104 bytes).
    Removing stm32f1xx_hal_exti.o(i.HAL_EXTI_ClearPending), (20 bytes).
    Removing stm32f1xx_hal_exti.o(i.HAL_EXTI_GenerateSWI), (20 bytes).
    Removing stm32f1xx_hal_exti.o(i.HAL_EXTI_GetConfigLine), (152 bytes).
    Removing stm32f1xx_hal_exti.o(i.HAL_EXTI_GetHandle), (12 bytes).
    Removing stm32f1xx_hal_exti.o(i.HAL_EXTI_GetPending), (24 bytes).
    Removing stm32f1xx_hal_exti.o(i.HAL_EXTI_IRQHandler), (36 bytes).
    Removing stm32f1xx_hal_exti.o(i.HAL_EXTI_RegisterCallback), (14 bytes).
    Removing stm32f1xx_hal_exti.o(i.HAL_EXTI_SetConfigLine), (164 bytes).
    Removing stm32f1xx_hal_tim.o(.rev16_text), (4 bytes).
    Removing stm32f1xx_hal_tim.o(.revsh_text), (4 bytes).
    Removing stm32f1xx_hal_tim.o(.rrx_text), (6 bytes).
    Removing stm32f1xx_hal_tim_ex.o(.rev16_text), (4 bytes).
    Removing stm32f1xx_hal_tim_ex.o(.revsh_text), (4 bytes).
    Removing stm32f1xx_hal_tim_ex.o(.rrx_text), (6 bytes).
    Removing stm32f1xx_hal_uart.o(.rev16_text), (4 bytes).
    Removing stm32f1xx_hal_uart.o(.revsh_text), (4 bytes).
    Removing stm32f1xx_hal_uart.o(.rrx_text), (6 bytes).
    Removing stm32f1xx_hal_uart.o(i.HAL_HalfDuplex_EnableReceiver), (50 bytes).
    Removing stm32f1xx_hal_uart.o(i.HAL_HalfDuplex_EnableTransmitter), (50 bytes).
    Removing stm32f1xx_hal_uart.o(i.HAL_HalfDuplex_Init), (108 bytes).
    Removing stm32f1xx_hal_uart.o(i.HAL_LIN_Init), (128 bytes).
    Removing stm32f1xx_hal_uart.o(i.HAL_LIN_SendBreak), (46 bytes).
    Removing stm32f1xx_hal_uart.o(i.HAL_MultiProcessor_EnterMuteMode), (46 bytes).
    Removing stm32f1xx_hal_uart.o(i.HAL_MultiProcessor_ExitMuteMode), (46 bytes).
    Removing stm32f1xx_hal_uart.o(i.HAL_MultiProcessor_Init), (142 bytes).
    Removing stm32f1xx_hal_uart.o(i.HAL_UART_Abort), (138 bytes).
    Removing stm32f1xx_hal_uart.o(i.HAL_UART_AbortCpltCallback), (2 bytes).
    Removing stm32f1xx_hal_uart.o(i.HAL_UART_AbortReceive), (88 bytes).
    Removing stm32f1xx_hal_uart.o(i.HAL_UART_AbortReceiveCpltCallback), (2 bytes).
    Removing stm32f1xx_hal_uart.o(i.HAL_UART_AbortReceive_IT), (92 bytes).
    Removing stm32f1xx_hal_uart.o(i.HAL_UART_AbortTransmit), (78 bytes).
    Removing stm32f1xx_hal_uart.o(i.HAL_UART_AbortTransmitCpltCallback), (2 bytes).
    Removing stm32f1xx_hal_uart.o(i.HAL_UART_AbortTransmit_IT), (84 bytes).
    Removing stm32f1xx_hal_uart.o(i.HAL_UART_Abort_IT), (172 bytes).
    Removing stm32f1xx_hal_uart.o(i.HAL_UART_DMAPause), (102 bytes).
    Removing stm32f1xx_hal_uart.o(i.HAL_UART_DMAResume), (94 bytes).
    Removing stm32f1xx_hal_uart.o(i.HAL_UART_DMAStop), (88 bytes).
    Removing stm32f1xx_hal_uart.o(i.HAL_UART_DeInit), (50 bytes).
    Removing stm32f1xx_hal_uart.o(i.HAL_UART_GetError), (4 bytes).
    Removing stm32f1xx_hal_uart.o(i.HAL_UART_GetState), (10 bytes).
    Removing stm32f1xx_hal_uart.o(i.HAL_UART_MspDeInit), (2 bytes).
    Removing stm32f1xx_hal_uart.o(i.HAL_UART_MspInit), (2 bytes).
    Removing stm32f1xx_hal_uart.o(i.HAL_UART_Receive), (184 bytes).
    Removing stm32f1xx_hal_uart.o(i.HAL_UART_Receive_DMA), (152 bytes).
    Removing stm32f1xx_hal_uart.o(i.HAL_UART_RxCpltCallback), (2 bytes).
    Removing stm32f1xx_hal_uart.o(i.HAL_UART_RxHalfCpltCallback), (2 bytes).
    Removing stm32f1xx_hal_uart.o(i.HAL_UART_Transmit_DMA), (128 bytes).
    Removing stm32f1xx_hal_uart.o(i.HAL_UART_Transmit_IT), (62 bytes).
    Removing stm32f1xx_hal_uart.o(i.HAL_UART_TxHalfCpltCallback), (2 bytes).
    Removing stm32f1xx_hal_uart.o(i.UART_DMAError), (74 bytes).
    Removing stm32f1xx_hal_uart.o(i.UART_DMAReceiveCplt), (60 bytes).
    Removing stm32f1xx_hal_uart.o(i.UART_DMARxAbortCallback), (42 bytes).
    Removing stm32f1xx_hal_uart.o(i.UART_DMARxHalfCplt), (10 bytes).
    Removing stm32f1xx_hal_uart.o(i.UART_DMARxOnlyAbortCallback), (20 bytes).
    Removing stm32f1xx_hal_uart.o(i.UART_DMATransmitCplt), (46 bytes).
    Removing stm32f1xx_hal_uart.o(i.UART_DMATxAbortCallback), (42 bytes).
    Removing stm32f1xx_hal_uart.o(i.UART_DMATxHalfCplt), (10 bytes).
    Removing stm32f1xx_hal_uart.o(i.UART_DMATxOnlyAbortCallback), (20 bytes).
    Removing stm32f1xx_hal_uart.o(i.UART_EndTxTransfer), (18 bytes).
    Removing system_stm32f1xx.o(.rev16_text), (4 bytes).
    Removing system_stm32f1xx.o(.revsh_text), (4 bytes).
    Removing system_stm32f1xx.o(.rrx_text), (6 bytes).
    Removing system_stm32f1xx.o(i.SystemCoreClockUpdate), (104 bytes).
    Removing fmul.o(.text), (100 bytes).
    Removing fdiv.o(.text), (124 bytes).
    Removing fscalb.o(.text), (24 bytes).
    Removing dsqrt.o(.text), (162 bytes).
    Removing cdcmple.o(.text), (48 bytes).
    Removing dfltui.o(.text), (26 bytes).
    Removing dfixi.o(.text), (62 bytes).

320 unused section(s) (total 25447 bytes) removed from the image.

==============================================================================

Image Symbol Table

    Local Symbols

    Symbol Name                              Value     Ov Type        Size  Object(Section)

    ../Drivers/STM32F1xx_HAL_Driver/Src/stm32f1xx_hal.c 0x00000000   Number         0  stm32f1xx_hal.o ABSOLUTE
    ../Drivers/STM32F1xx_HAL_Driver/Src/stm32f1xx_hal_cortex.c 0x00000000   Number         0  stm32f1xx_hal_cortex.o ABSOLUTE
    ../Drivers/STM32F1xx_HAL_Driver/Src/stm32f1xx_hal_dma.c 0x00000000   Number         0  stm32f1xx_hal_dma.o ABSOLUTE
    ../Drivers/STM32F1xx_HAL_Driver/Src/stm32f1xx_hal_exti.c 0x00000000   Number         0  stm32f1xx_hal_exti.o ABSOLUTE
    ../Drivers/STM32F1xx_HAL_Driver/Src/stm32f1xx_hal_flash.c 0x00000000   Number         0  stm32f1xx_hal_flash.o ABSOLUTE
    ../Drivers/STM32F1xx_HAL_Driver/Src/stm32f1xx_hal_flash_ex.c 0x00000000   Number         0  stm32f1xx_hal_flash_ex.o ABSOLUTE
    ../Drivers/STM32F1xx_HAL_Driver/Src/stm32f1xx_hal_gpio.c 0x00000000   Number         0  stm32f1xx_hal_gpio.o ABSOLUTE
    ../Drivers/STM32F1xx_HAL_Driver/Src/stm32f1xx_hal_gpio_ex.c 0x00000000   Number         0  stm32f1xx_hal_gpio_ex.o ABSOLUTE
    ../Drivers/STM32F1xx_HAL_Driver/Src/stm32f1xx_hal_i2c.c 0x00000000   Number         0  stm32f1xx_hal_i2c.o ABSOLUTE
    ../Drivers/STM32F1xx_HAL_Driver/Src/stm32f1xx_hal_pwr.c 0x00000000   Number         0  stm32f1xx_hal_pwr.o ABSOLUTE
    ../Drivers/STM32F1xx_HAL_Driver/Src/stm32f1xx_hal_rcc.c 0x00000000   Number         0  stm32f1xx_hal_rcc.o ABSOLUTE
    ../Drivers/STM32F1xx_HAL_Driver/Src/stm32f1xx_hal_rcc_ex.c 0x00000000   Number         0  stm32f1xx_hal_rcc_ex.o ABSOLUTE
    ../Drivers/STM32F1xx_HAL_Driver/Src/stm32f1xx_hal_tim.c 0x00000000   Number         0  stm32f1xx_hal_tim.o ABSOLUTE
    ../Drivers/STM32F1xx_HAL_Driver/Src/stm32f1xx_hal_tim_ex.c 0x00000000   Number         0  stm32f1xx_hal_tim_ex.o ABSOLUTE
    ../Drivers/STM32F1xx_HAL_Driver/Src/stm32f1xx_hal_uart.c 0x00000000   Number         0  stm32f1xx_hal_uart.o ABSOLUTE
    ../Src/main.c                            0x00000000   Number         0  main.o ABSOLUTE
    ../Src/stm32f1xx_hal_msp.c               0x00000000   Number         0  stm32f1xx_hal_msp.o ABSOLUTE
    ../Src/stm32f1xx_it.c                    0x00000000   Number         0  stm32f1xx_it.o ABSOLUTE
    ../Src/system_stm32f1xx.c                0x00000000   Number         0  system_stm32f1xx.o ABSOLUTE
    ../clib/microlib/division.c              0x00000000   Number         0  uidiv.o ABSOLUTE
    ../clib/microlib/division.c              0x00000000   Number         0  uldiv.o ABSOLUTE
    ../clib/microlib/errno.c                 0x00000000   Number         0  errno.o ABSOLUTE
    ../clib/microlib/init/entry.s            0x00000000   Number         0  entry5.o ABSOLUTE
    ../clib/microlib/init/entry.s            0x00000000   Number         0  entry10a.o ABSOLUTE
    ../clib/microlib/init/entry.s            0x00000000   Number         0  entry9b.o ABSOLUTE
    ../clib/microlib/init/entry.s            0x00000000   Number         0  entry9a.o ABSOLUTE
    ../clib/microlib/init/entry.s            0x00000000   Number         0  entry8b.o ABSOLUTE
    ../clib/microlib/init/entry.s            0x00000000   Number         0  entry7b.o ABSOLUTE
    ../clib/microlib/init/entry.s            0x00000000   Number         0  entry2.o ABSOLUTE
    ../clib/microlib/init/entry.s            0x00000000   Number         0  entry7a.o ABSOLUTE
    ../clib/microlib/init/entry.s            0x00000000   Number         0  entry11a.o ABSOLUTE
    ../clib/microlib/init/entry.s            0x00000000   Number         0  entry.o ABSOLUTE
    ../clib/microlib/init/entry.s            0x00000000   Number         0  entry8a.o ABSOLUTE
    ../clib/microlib/init/entry.s            0x00000000   Number         0  entry11b.o ABSOLUTE
    ../clib/microlib/init/entry.s            0x00000000   Number         0  entry10b.o ABSOLUTE
    ../clib/microlib/longlong.c              0x00000000   Number         0  llushr.o ABSOLUTE
    ../clib/microlib/longlong.c              0x00000000   Number         0  llshl.o ABSOLUTE
    ../clib/microlib/longlong.c              0x00000000   Number         0  llsshr.o ABSOLUTE
    ../clib/microlib/printf/printf.c         0x00000000   Number         0  printf3.o ABSOLUTE
    ../clib/microlib/printf/printf.c         0x00000000   Number         0  printf6.o ABSOLUTE
    ../clib/microlib/printf/printf.c         0x00000000   Number         0  printf7.o ABSOLUTE
    ../clib/microlib/printf/printf.c         0x00000000   Number         0  printf1.o ABSOLUTE
    ../clib/microlib/printf/printf.c         0x00000000   Number         0  printf2.o ABSOLUTE
    ../clib/microlib/printf/printf.c         0x00000000   Number         0  printf8.o ABSOLUTE
    ../clib/microlib/printf/printf.c         0x00000000   Number         0  printf0.o ABSOLUTE
    ../clib/microlib/printf/printf.c         0x00000000   Number         0  printfa.o ABSOLUTE
    ../clib/microlib/printf/printf.c         0x00000000   Number         0  printfb.o ABSOLUTE
    ../clib/microlib/printf/printf.c         0x00000000   Number         0  printf4.o ABSOLUTE
    ../clib/microlib/printf/printf.c         0x00000000   Number         0  printf5.o ABSOLUTE
    ../clib/microlib/printf/stubs.s          0x00000000   Number         0  stubs.o ABSOLUTE
    ../clib/microlib/stdio/streams.c         0x00000000   Number         0  stdout.o ABSOLUTE
    ../clib/microlib/string/memset.c         0x00000000   Number         0  memseta.o ABSOLUTE
    ../clib/microlib/stubs.s                 0x00000000   Number         0  iusefp.o ABSOLUTE
    ../fplib/microlib/d2f.c                  0x00000000   Number         0  d2f.o ABSOLUTE
    ../fplib/microlib/f2d.c                  0x00000000   Number         0  f2d.o ABSOLUTE
    ../fplib/microlib/fpadd.c                0x00000000   Number         0  dadd.o ABSOLUTE
    ../fplib/microlib/fpadd.c                0x00000000   Number         0  fadd.o ABSOLUTE
    ../fplib/microlib/fpdiv.c                0x00000000   Number         0  ddiv.o ABSOLUTE
    ../fplib/microlib/fpdiv.c                0x00000000   Number         0  fdiv.o ABSOLUTE
    ../fplib/microlib/fpepilogue.c           0x00000000   Number         0  fepilogue.o ABSOLUTE
    ../fplib/microlib/fpepilogue.c           0x00000000   Number         0  depilogue.o ABSOLUTE
    ../fplib/microlib/fpfix.c                0x00000000   Number         0  dfixul.o ABSOLUTE
    ../fplib/microlib/fpfix.c                0x00000000   Number         0  dfixi.o ABSOLUTE
    ../fplib/microlib/fpflt.c                0x00000000   Number         0  dflti.o ABSOLUTE
    ../fplib/microlib/fpflt.c                0x00000000   Number         0  dfltui.o ABSOLUTE
    ../fplib/microlib/fpmul.c                0x00000000   Number         0  fmul.o ABSOLUTE
    ../fplib/microlib/fpmul.c                0x00000000   Number         0  dmul.o ABSOLUTE
    ../fplib/microlib/fpscalb.c              0x00000000   Number         0  dscalb.o ABSOLUTE
    ../fplib/microlib/fpscalb.c              0x00000000   Number         0  fscalb.o ABSOLUTE
    ../fplib/microlib/fpsqrt.c               0x00000000   Number         0  dsqrt.o ABSOLUTE
    ../mathlib/asin.c                        0x00000000   Number         0  asin_x.o ABSOLUTE
    ../mathlib/asin.c                        0x00000000   Number         0  asin.o ABSOLUTE
    ../mathlib/atan.c                        0x00000000   Number         0  atan.o ABSOLUTE
    ../mathlib/atan.c                        0x00000000   Number         0  atan_x.o ABSOLUTE
    ../mathlib/atan2.c                       0x00000000   Number         0  atan2.o ABSOLUTE
    ../mathlib/atan2.c                       0x00000000   Number         0  atan2_x.o ABSOLUTE
    ../mathlib/cos.c                         0x00000000   Number         0  cos.o ABSOLUTE
    ../mathlib/cos.c                         0x00000000   Number         0  cos_x.o ABSOLUTE
    ../mathlib/cos_i.c                       0x00000000   Number         0  cos_i.o ABSOLUTE
    ../mathlib/dunder.c                      0x00000000   Number         0  dunder.o ABSOLUTE
    ../mathlib/fpclassify.c                  0x00000000   Number         0  fpclassify.o ABSOLUTE
    ../mathlib/poly.c                        0x00000000   Number         0  poly.o ABSOLUTE
    ../mathlib/qnan.c                        0x00000000   Number         0  qnan.o ABSOLUTE
    ../mathlib/rred.c                        0x00000000   Number         0  rred.o ABSOLUTE
    ../mathlib/sin.c                         0x00000000   Number         0  sin_x.o ABSOLUTE
    ../mathlib/sin.c                         0x00000000   Number         0  sin.o ABSOLUTE
    ../mathlib/sin_i.c                       0x00000000   Number         0  sin_i_x.o ABSOLUTE
    ../mathlib/sin_i.c                       0x00000000   Number         0  sin_i.o ABSOLUTE
    ../mathlib/sqrt.c                        0x00000000   Number         0  sqrt_x.o ABSOLUTE
    ../mathlib/sqrt.c                        0x00000000   Number         0  sqrt.o ABSOLUTE
    ..\Drivers\STM32F1xx_HAL_Driver\Src\stm32f1xx_hal.c 0x00000000   Number         0  stm32f1xx_hal.o ABSOLUTE
    ..\Drivers\STM32F1xx_HAL_Driver\Src\stm32f1xx_hal_cortex.c 0x00000000   Number         0  stm32f1xx_hal_cortex.o ABSOLUTE
    ..\Drivers\STM32F1xx_HAL_Driver\Src\stm32f1xx_hal_dma.c 0x00000000   Number         0  stm32f1xx_hal_dma.o ABSOLUTE
    ..\Drivers\STM32F1xx_HAL_Driver\Src\stm32f1xx_hal_exti.c 0x00000000   Number         0  stm32f1xx_hal_exti.o ABSOLUTE
    ..\Drivers\STM32F1xx_HAL_Driver\Src\stm32f1xx_hal_flash.c 0x00000000   Number         0  stm32f1xx_hal_flash.o ABSOLUTE
    ..\Drivers\STM32F1xx_HAL_Driver\Src\stm32f1xx_hal_flash_ex.c 0x00000000   Number         0  stm32f1xx_hal_flash_ex.o ABSOLUTE
    ..\Drivers\STM32F1xx_HAL_Driver\Src\stm32f1xx_hal_gpio.c 0x00000000   Number         0  stm32f1xx_hal_gpio.o ABSOLUTE
    ..\Drivers\STM32F1xx_HAL_Driver\Src\stm32f1xx_hal_gpio_ex.c 0x00000000   Number         0  stm32f1xx_hal_gpio_ex.o ABSOLUTE
    ..\Drivers\STM32F1xx_HAL_Driver\Src\stm32f1xx_hal_i2c.c 0x00000000   Number         0  stm32f1xx_hal_i2c.o ABSOLUTE
    ..\Drivers\STM32F1xx_HAL_Driver\Src\stm32f1xx_hal_pwr.c 0x00000000   Number         0  stm32f1xx_hal_pwr.o ABSOLUTE
    ..\Drivers\STM32F1xx_HAL_Driver\Src\stm32f1xx_hal_rcc.c 0x00000000   Number         0  stm32f1xx_hal_rcc.o ABSOLUTE
    ..\Drivers\STM32F1xx_HAL_Driver\Src\stm32f1xx_hal_rcc_ex.c 0x00000000   Number         0  stm32f1xx_hal_rcc_ex.o ABSOLUTE
    ..\Drivers\STM32F1xx_HAL_Driver\Src\stm32f1xx_hal_tim.c 0x00000000   Number         0  stm32f1xx_hal_tim.o ABSOLUTE
    ..\Drivers\STM32F1xx_HAL_Driver\Src\stm32f1xx_hal_tim_ex.c 0x00000000   Number         0  stm32f1xx_hal_tim_ex.o ABSOLUTE
    ..\Drivers\STM32F1xx_HAL_Driver\Src\stm32f1xx_hal_uart.c 0x00000000   Number         0  stm32f1xx_hal_uart.o ABSOLUTE
    ..\Src\main.c                            0x00000000   Number         0  main.o ABSOLUTE
    ..\Src\stm32f1xx_hal_msp.c               0x00000000   Number         0  stm32f1xx_hal_msp.o ABSOLUTE
    ..\Src\stm32f1xx_it.c                    0x00000000   Number         0  stm32f1xx_it.o ABSOLUTE
    ..\Src\system_stm32f1xx.c                0x00000000   Number         0  system_stm32f1xx.o ABSOLUTE
    cdcmple.s                                0x00000000   Number         0  cdcmple.o ABSOLUTE
    cdrcmple.s                               0x00000000   Number         0  cdrcmple.o ABSOLUTE
    dc.s                                     0x00000000   Number         0  dc.o ABSOLUTE
    handlers.s                               0x00000000   Number         0  handlers.o ABSOLUTE
    init.s                                   0x00000000   Number         0  init.o ABSOLUTE
    startup_stm32f103x6.s                    0x00000000   Number         0  startup_stm32f103x6.o ABSOLUTE
    RESET                                    0x08000000   Section      236  startup_stm32f103x6.o(RESET)
    .ARM.Collect$$$$00000000                 0x080000ec   Section        0  entry.o(.ARM.Collect$$$$00000000)
    .ARM.Collect$$$$00000001                 0x080000ec   Section        4  entry2.o(.ARM.Collect$$$$00000001)
    .ARM.Collect$$$$00000004                 0x080000f0   Section        4  entry5.o(.ARM.Collect$$$$00000004)
    .ARM.Collect$$$$00000008                 0x080000f4   Section        0  entry7b.o(.ARM.Collect$$$$00000008)
    .ARM.Collect$$$$0000000A                 0x080000f4   Section        0  entry8b.o(.ARM.Collect$$$$0000000A)
    .ARM.Collect$$$$0000000B                 0x080000f4   Section        8  entry9a.o(.ARM.Collect$$$$0000000B)
    .ARM.Collect$$$$0000000D                 0x080000fc   Section        0  entry10a.o(.ARM.Collect$$$$0000000D)
    .ARM.Collect$$$$0000000F                 0x080000fc   Section        0  entry11a.o(.ARM.Collect$$$$0000000F)
    .ARM.Collect$$$$00002712                 0x080000fc   Section        4  entry2.o(.ARM.Collect$$$$00002712)
    __lit__00000000                          0x080000fc   Data           4  entry2.o(.ARM.Collect$$$$00002712)
    .text                                    0x08000100   Section       36  startup_stm32f103x6.o(.text)
    .text                                    0x08000124   Section        0  llushr.o(.text)
    .text                                    0x08000144   Section        0  memseta.o(.text)
    .text                                    0x08000168   Section        0  fadd.o(.text)
    .text                                    0x08000218   Section        0  dadd.o(.text)
    .text                                    0x08000366   Section        0  dmul.o(.text)
    .text                                    0x0800044a   Section        0  ddiv.o(.text)
    .text                                    0x08000528   Section        0  dscalb.o(.text)
    .text                                    0x08000556   Section        0  dflti.o(.text)
    .text                                    0x08000578   Section        0  f2d.o(.text)
    .text                                    0x0800059e   Section        0  d2f.o(.text)
    .text                                    0x080005d6   Section        0  uidiv.o(.text)
    .text                                    0x08000602   Section        0  uldiv.o(.text)
    .text                                    0x08000664   Section        0  llshl.o(.text)
    .text                                    0x08000682   Section        0  llsshr.o(.text)
    .text                                    0x080006a6   Section        0  iusefp.o(.text)
    .text                                    0x080006a6   Section        0  fepilogue.o(.text)
    .text                                    0x08000714   Section        0  depilogue.o(.text)
    .text                                    0x080007ce   Section        0  dfixul.o(.text)
    .text                                    0x08000800   Section       48  cdrcmple.o(.text)
    .text                                    0x08000830   Section       36  init.o(.text)
    i.BusFault_Handler                       0x08000854   Section        0  stm32f1xx_it.o(i.BusFault_Handler)
    i.DMA1_Channel6_IRQHandler               0x08000858   Section        0  stm32f1xx_it.o(i.DMA1_Channel6_IRQHandler)
    i.DMA1_Channel7_IRQHandler               0x08000864   Section        0  stm32f1xx_it.o(i.DMA1_Channel7_IRQHandler)
    i.DebugMon_Handler                       0x08000870   Section        0  stm32f1xx_it.o(i.DebugMon_Handler)
    i.Error_Handler                          0x08000872   Section        0  main.o(i.Error_Handler)
    i.HAL_DMA_Abort_IT                       0x08000874   Section        0  stm32f1xx_hal_dma.o(i.HAL_DMA_Abort_IT)
    i.HAL_DMA_IRQHandler                     0x0800090c   Section        0  stm32f1xx_hal_dma.o(i.HAL_DMA_IRQHandler)
    i.HAL_DMA_Init                           0x08000a60   Section        0  stm32f1xx_hal_dma.o(i.HAL_DMA_Init)
    i.HAL_Delay                              0x08000abc   Section        0  stm32f1xx_hal.o(i.HAL_Delay)
    i.HAL_GPIO_Init                          0x08000ae0   Section        0  stm32f1xx_hal_gpio.o(i.HAL_GPIO_Init)
    i.HAL_GPIO_TogglePin                     0x08000ca0   Section        0  stm32f1xx_hal_gpio.o(i.HAL_GPIO_TogglePin)
    i.HAL_GPIO_WritePin                      0x08000cae   Section        0  stm32f1xx_hal_gpio.o(i.HAL_GPIO_WritePin)
    i.HAL_GetTick                            0x08000cb8   Section        0  stm32f1xx_hal.o(i.HAL_GetTick)
    i.HAL_I2C_Init                           0x08000cc4   Section        0  stm32f1xx_hal_i2c.o(i.HAL_I2C_Init)
    i.HAL_I2C_Mem_Read                       0x08000e38   Section        0  stm32f1xx_hal_i2c.o(i.HAL_I2C_Mem_Read)
    i.HAL_I2C_Mem_Write                      0x08001058   Section        0  stm32f1xx_hal_i2c.o(i.HAL_I2C_Mem_Write)
    i.HAL_I2C_MspInit                        0x08001188   Section        0  stm32f1xx_hal_msp.o(i.HAL_I2C_MspInit)
    i.HAL_IncTick                            0x080011e8   Section        0  stm32f1xx_hal.o(i.HAL_IncTick)
    i.HAL_Init                               0x080011f8   Section        0  stm32f1xx_hal.o(i.HAL_Init)
    i.HAL_InitTick                           0x0800121c   Section        0  stm32f1xx_hal.o(i.HAL_InitTick)
    i.HAL_MspInit                            0x0800125c   Section        0  stm32f1xx_hal_msp.o(i.HAL_MspInit)
    i.HAL_NVIC_EnableIRQ                     0x08001298   Section        0  stm32f1xx_hal_cortex.o(i.HAL_NVIC_EnableIRQ)
    i.HAL_NVIC_SetPriority                   0x080012b4   Section        0  stm32f1xx_hal_cortex.o(i.HAL_NVIC_SetPriority)
    i.HAL_NVIC_SetPriorityGrouping           0x080012f4   Section        0  stm32f1xx_hal_cortex.o(i.HAL_NVIC_SetPriorityGrouping)
    i.HAL_RCC_ClockConfig                    0x08001318   Section        0  stm32f1xx_hal_rcc.o(i.HAL_RCC_ClockConfig)
    i.HAL_RCC_GetPCLK1Freq                   0x08001444   Section        0  stm32f1xx_hal_rcc.o(i.HAL_RCC_GetPCLK1Freq)
    i.HAL_RCC_GetPCLK2Freq                   0x08001464   Section        0  stm32f1xx_hal_rcc.o(i.HAL_RCC_GetPCLK2Freq)
    i.HAL_RCC_GetSysClockFreq                0x08001484   Section        0  stm32f1xx_hal_rcc.o(i.HAL_RCC_GetSysClockFreq)
    i.HAL_RCC_OscConfig                      0x080014f0   Section        0  stm32f1xx_hal_rcc.o(i.HAL_RCC_OscConfig)
    i.HAL_SYSTICK_Config                     0x08001810   Section        0  stm32f1xx_hal_cortex.o(i.HAL_SYSTICK_Config)
    i.HAL_UART_ErrorCallback                 0x08001838   Section        0  stm32f1xx_hal_uart.o(i.HAL_UART_ErrorCallback)
    i.HAL_UART_IRQHandler                    0x0800183c   Section        0  stm32f1xx_hal_uart.o(i.HAL_UART_IRQHandler)
    i.HAL_UART_Init                          0x0800194c   Section        0  stm32f1xx_hal_uart.o(i.HAL_UART_Init)
    i.HAL_UART_MspInit                       0x080019b0   Section        0  stm32f1xx_hal_msp.o(i.HAL_UART_MspInit)
    i.HAL_UART_Receive_IT                    0x08001a8c   Section        0  stm32f1xx_hal_uart.o(i.HAL_UART_Receive_IT)
    i.HAL_UART_RxCpltCallback                0x08001ae0   Section        0  main.o(i.HAL_UART_RxCpltCallback)
    i.HAL_UART_Transmit                      0x08001ba4   Section        0  stm32f1xx_hal_uart.o(i.HAL_UART_Transmit)
    i.HAL_UART_TxCpltCallback                0x08001c5e   Section        0  stm32f1xx_hal_uart.o(i.HAL_UART_TxCpltCallback)
    i.HardFault_Handler                      0x08001c60   Section        0  stm32f1xx_it.o(i.HardFault_Handler)
    i.I2C_IsAcknowledgeFailed                0x08001c62   Section        0  stm32f1xx_hal_i2c.o(i.I2C_IsAcknowledgeFailed)
    I2C_IsAcknowledgeFailed                  0x08001c63   Thumb Code    46  stm32f1xx_hal_i2c.o(i.I2C_IsAcknowledgeFailed)
    i.I2C_RequestMemoryRead                  0x08001c90   Section        0  stm32f1xx_hal_i2c.o(i.I2C_RequestMemoryRead)
    I2C_RequestMemoryRead                    0x08001c91   Thumb Code   230  stm32f1xx_hal_i2c.o(i.I2C_RequestMemoryRead)
    i.I2C_RequestMemoryWrite                 0x08001d78   Section        0  stm32f1xx_hal_i2c.o(i.I2C_RequestMemoryWrite)
    I2C_RequestMemoryWrite                   0x08001d79   Thumb Code   144  stm32f1xx_hal_i2c.o(i.I2C_RequestMemoryWrite)
    i.I2C_WaitOnBTFFlagUntilTimeout          0x08001e0c   Section        0  stm32f1xx_hal_i2c.o(i.I2C_WaitOnBTFFlagUntilTimeout)
    I2C_WaitOnBTFFlagUntilTimeout            0x08001e0d   Thumb Code    76  stm32f1xx_hal_i2c.o(i.I2C_WaitOnBTFFlagUntilTimeout)
    i.I2C_WaitOnFlagUntilTimeout             0x08001e58   Section        0  stm32f1xx_hal_i2c.o(i.I2C_WaitOnFlagUntilTimeout)
    I2C_WaitOnFlagUntilTimeout               0x08001e59   Thumb Code   104  stm32f1xx_hal_i2c.o(i.I2C_WaitOnFlagUntilTimeout)
    i.I2C_WaitOnMasterAddressFlagUntilTimeout 0x08001ec0   Section        0  stm32f1xx_hal_i2c.o(i.I2C_WaitOnMasterAddressFlagUntilTimeout)
    I2C_WaitOnMasterAddressFlagUntilTimeout  0x08001ec1   Thumb Code   150  stm32f1xx_hal_i2c.o(i.I2C_WaitOnMasterAddressFlagUntilTimeout)
    i.I2C_WaitOnRXNEFlagUntilTimeout         0x08001f56   Section        0  stm32f1xx_hal_i2c.o(i.I2C_WaitOnRXNEFlagUntilTimeout)
    I2C_WaitOnRXNEFlagUntilTimeout           0x08001f57   Thumb Code   102  stm32f1xx_hal_i2c.o(i.I2C_WaitOnRXNEFlagUntilTimeout)
    i.I2C_WaitOnTXEFlagUntilTimeout          0x08001fbc   Section        0  stm32f1xx_hal_i2c.o(i.I2C_WaitOnTXEFlagUntilTimeout)
    I2C_WaitOnTXEFlagUntilTimeout            0x08001fbd   Thumb Code    76  stm32f1xx_hal_i2c.o(i.I2C_WaitOnTXEFlagUntilTimeout)
    i.MPU6050_Init                           0x08002008   Section        0  main.o(i.MPU6050_Init)
    i.MPU6050_Read_Accel                     0x080020ac   Section        0  main.o(i.MPU6050_Read_Accel)
    i.MPU6050_Read_Gyro                      0x0800212c   Section        0  main.o(i.MPU6050_Read_Gyro)
    i.MemManage_Handler                      0x080021b4   Section        0  stm32f1xx_it.o(i.MemManage_Handler)
    i.NMI_Handler                            0x080021b6   Section        0  stm32f1xx_it.o(i.NMI_Handler)
    i.PendSV_Handler                         0x080021b8   Section        0  stm32f1xx_it.o(i.PendSV_Handler)
    i.QMC5883l_Init                          0x080021bc   Section        0  main.o(i.QMC5883l_Init)
    i.Read_QMC5883l                          0x08002214   Section        0  main.o(i.Read_QMC5883l)
    i.SVC_Handler                            0x080022b4   Section        0  stm32f1xx_it.o(i.SVC_Handler)
    i.SysTick_Handler                        0x080022b6   Section        0  stm32f1xx_it.o(i.SysTick_Handler)
    i.SystemClock_Config                     0x080022ba   Section        0  main.o(i.SystemClock_Config)
    i.SystemInit                             0x080022fc   Section        0  system_stm32f1xx.o(i.SystemInit)
    i.UART_DMAAbortOnError                   0x08002344   Section        0  stm32f1xx_hal_uart.o(i.UART_DMAAbortOnError)
    UART_DMAAbortOnError                     0x08002345   Thumb Code    16  stm32f1xx_hal_uart.o(i.UART_DMAAbortOnError)
    i.UART_EndRxTransfer                     0x08002354   Section        0  stm32f1xx_hal_uart.o(i.UART_EndRxTransfer)
    UART_EndRxTransfer                       0x08002355   Thumb Code    28  stm32f1xx_hal_uart.o(i.UART_EndRxTransfer)
    i.UART_Receive_IT                        0x08002370   Section        0  stm32f1xx_hal_uart.o(i.UART_Receive_IT)
    UART_Receive_IT                          0x08002371   Thumb Code   150  stm32f1xx_hal_uart.o(i.UART_Receive_IT)
    i.UART_SetConfig                         0x08002408   Section        0  stm32f1xx_hal_uart.o(i.UART_SetConfig)
    UART_SetConfig                           0x08002409   Thumb Code   178  stm32f1xx_hal_uart.o(i.UART_SetConfig)
    i.UART_Transmit_IT                       0x080024c0   Section        0  stm32f1xx_hal_uart.o(i.UART_Transmit_IT)
    UART_Transmit_IT                         0x080024c1   Thumb Code    98  stm32f1xx_hal_uart.o(i.UART_Transmit_IT)
    i.UART_WaitOnFlagUntilTimeout            0x08002522   Section        0  stm32f1xx_hal_uart.o(i.UART_WaitOnFlagUntilTimeout)
    UART_WaitOnFlagUntilTimeout              0x08002523   Thumb Code   100  stm32f1xx_hal_uart.o(i.UART_WaitOnFlagUntilTimeout)
    i.USART2_IRQHandler                      0x08002588   Section        0  stm32f1xx_it.o(i.USART2_IRQHandler)
    i.UsageFault_Handler                     0x08002594   Section        0  stm32f1xx_it.o(i.UsageFault_Handler)
    i.__0printf                              0x08002598   Section        0  printfa.o(i.__0printf)
    i.__NVIC_SetPriority                     0x080025b8   Section        0  stm32f1xx_hal_cortex.o(i.__NVIC_SetPriority)
    __NVIC_SetPriority                       0x080025b9   Thumb Code    32  stm32f1xx_hal_cortex.o(i.__NVIC_SetPriority)
    i.__scatterload_copy                     0x080025d8   Section       14  handlers.o(i.__scatterload_copy)
    i.__scatterload_null                     0x080025e6   Section        2  handlers.o(i.__scatterload_null)
    i.__scatterload_zeroinit                 0x080025e8   Section       14  handlers.o(i.__scatterload_zeroinit)
    i._fp_digits                             0x080025f8   Section        0  printfa.o(i._fp_digits)
    _fp_digits                               0x080025f9   Thumb Code   366  printfa.o(i._fp_digits)
    i._printf_core                           0x0800277c   Section        0  printfa.o(i._printf_core)
    _printf_core                             0x0800277d   Thumb Code  1744  printfa.o(i._printf_core)
    i._printf_post_padding                   0x08002e58   Section        0  printfa.o(i._printf_post_padding)
    _printf_post_padding                     0x08002e59   Thumb Code    36  printfa.o(i._printf_post_padding)
    i._printf_pre_padding                    0x08002e7c   Section        0  printfa.o(i._printf_pre_padding)
    _printf_pre_padding                      0x08002e7d   Thumb Code    46  printfa.o(i._printf_pre_padding)
    i.fputc                                  0x08002eac   Section        0  main.o(i.fputc)
    i.main                                   0x08002ec4   Section        0  main.o(i.main)
    i.outputA                                0x08003230   Section        0  main.o(i.outputA)
    i.outputG                                0x080032a8   Section        0  main.o(i.outputG)
    i.output_m                               0x08003320   Section        0  main.o(i.output_m)
    .constdata                               0x08003398   Section       16  system_stm32f1xx.o(.constdata)
    .constdata                               0x080033a8   Section        8  system_stm32f1xx.o(.constdata)
    .data                                    0x20000000   Section      165  main.o(.data)
    .data                                    0x200000a8   Section       12  stm32f1xx_hal.o(.data)
    .data                                    0x200000b4   Section        4  system_stm32f1xx.o(.data)
    .data                                    0x200000b8   Section        4  stdout.o(.data)
    .bss                                     0x200000bc   Section     2260  main.o(.bss)
    .bss                                     0x20000990   Section       68  main.o(.bss)
    .bss                                     0x200009d4   Section       68  main.o(.bss)
    STACK                                    0x20000a18   Section     1024  startup_stm32f103x6.o(STACK)

    Global Symbols

    Symbol Name                              Value     Ov Type        Size  Object(Section)

    BuildAttributes$$THM_ISAv4$P$D$K$B$S$PE$A:L22UL41UL21$X:L11$S22US41US21$IEEE1$IW$USESV6$~STKCKD$USESV7$~SHL$OTIME$ROPI$IEEEX$EBA8$MICROLIB$REQ8$PRES8$EABIv2 0x00000000   Number         0  anon$$obj.o ABSOLUTE
    __ARM_use_no_argv                        0x00000000   Number         0  main.o ABSOLUTE
    _printf_a                                0x00000000   Number         0  stubs.o ABSOLUTE
    _printf_c                                0x00000000   Number         0  stubs.o ABSOLUTE
    _printf_charcount                        0x00000000   Number         0  stubs.o ABSOLUTE
    _printf_d                                0x00000000   Number         0  stubs.o ABSOLUTE
    _printf_e                                0x00000000   Number         0  stubs.o ABSOLUTE
    _printf_f                                0x00000000   Number         0  stubs.o ABSOLUTE
    _printf_flags                            0x00000000   Number         0  stubs.o ABSOLUTE
    _printf_fp_dec                           0x00000000   Number         0  stubs.o ABSOLUTE
    _printf_fp_hex                           0x00000000   Number         0  stubs.o ABSOLUTE
    _printf_g                                0x00000000   Number         0  stubs.o ABSOLUTE
    _printf_i                                0x00000000   Number         0  stubs.o ABSOLUTE
    _printf_int_dec                          0x00000000   Number         0  stubs.o ABSOLUTE
    _printf_l                                0x00000000   Number         0  stubs.o ABSOLUTE
    _printf_lc                               0x00000000   Number         0  stubs.o ABSOLUTE
    _printf_ll                               0x00000000   Number         0  stubs.o ABSOLUTE
    _printf_lld                              0x00000000   Number         0  stubs.o ABSOLUTE
    _printf_lli                              0x00000000   Number         0  stubs.o ABSOLUTE
    _printf_llo                              0x00000000   Number         0  stubs.o ABSOLUTE
    _printf_llu                              0x00000000   Number         0  stubs.o ABSOLUTE
    _printf_llx                              0x00000000   Number         0  stubs.o ABSOLUTE
    _printf_longlong_dec                     0x00000000   Number         0  stubs.o ABSOLUTE
    _printf_longlong_hex                     0x00000000   Number         0  stubs.o ABSOLUTE
    _printf_longlong_oct                     0x00000000   Number         0  stubs.o ABSOLUTE
    _printf_ls                               0x00000000   Number         0  stubs.o ABSOLUTE
    _printf_mbtowc                           0x00000000   Number         0  stubs.o ABSOLUTE
    _printf_n                                0x00000000   Number         0  stubs.o ABSOLUTE
    _printf_o                                0x00000000   Number         0  stubs.o ABSOLUTE
    _printf_p                                0x00000000   Number         0  stubs.o ABSOLUTE
    _printf_percent                          0x00000000   Number         0  stubs.o ABSOLUTE
    _printf_pre_padding                      0x00000000   Number         0  stubs.o ABSOLUTE
    _printf_return_value                     0x00000000   Number         0  stubs.o ABSOLUTE
    _printf_s                                0x00000000   Number         0  stubs.o ABSOLUTE
    _printf_sizespec                         0x00000000   Number         0  stubs.o ABSOLUTE
    _printf_str                              0x00000000   Number         0  stubs.o ABSOLUTE
    _printf_truncate_signed                  0x00000000   Number         0  stubs.o ABSOLUTE
    _printf_truncate_unsigned                0x00000000   Number         0  stubs.o ABSOLUTE
    _printf_u                                0x00000000   Number         0  stubs.o ABSOLUTE
    _printf_wc                               0x00000000   Number         0  stubs.o ABSOLUTE
    _printf_wctomb                           0x00000000   Number         0  stubs.o ABSOLUTE
    _printf_widthprec                        0x00000000   Number         0  stubs.o ABSOLUTE
    _printf_x                                0x00000000   Number         0  stubs.o ABSOLUTE
    __cpp_initialize__aeabi_                  - Undefined Weak Reference
    __cxa_finalize                            - Undefined Weak Reference
    __decompress                              - Undefined Weak Reference
    _clock_init                               - Undefined Weak Reference
    _microlib_exit                            - Undefined Weak Reference
    __Vectors_Size                           0x000000ec   Number         0  startup_stm32f103x6.o ABSOLUTE
    __Vectors                                0x08000000   Data           4  startup_stm32f103x6.o(RESET)
    __Vectors_End                            0x080000ec   Data           0  startup_stm32f103x6.o(RESET)
    __main                                   0x080000ed   Thumb Code     0  entry.o(.ARM.Collect$$$$00000000)
    _main_stk                                0x080000ed   Thumb Code     0  entry2.o(.ARM.Collect$$$$00000001)
    _main_scatterload                        0x080000f1   Thumb Code     0  entry5.o(.ARM.Collect$$$$00000004)
    __main_after_scatterload                 0x080000f5   Thumb Code     0  entry5.o(.ARM.Collect$$$$00000004)
    _main_clock                              0x080000f5   Thumb Code     0  entry7b.o(.ARM.Collect$$$$00000008)
    _main_cpp_init                           0x080000f5   Thumb Code     0  entry8b.o(.ARM.Collect$$$$0000000A)
    _main_init                               0x080000f5   Thumb Code     0  entry9a.o(.ARM.Collect$$$$0000000B)
    __rt_final_cpp                           0x080000fd   Thumb Code     0  entry10a.o(.ARM.Collect$$$$0000000D)
    __rt_final_exit                          0x080000fd   Thumb Code     0  entry11a.o(.ARM.Collect$$$$0000000F)
    Reset_Handler                            0x08000101   Thumb Code     8  startup_stm32f103x6.o(.text)
    ADC1_2_IRQHandler                        0x0800011b   Thumb Code     0  startup_stm32f103x6.o(.text)
    CAN1_RX1_IRQHandler                      0x0800011b   Thumb Code     0  startup_stm32f103x6.o(.text)
    CAN1_SCE_IRQHandler                      0x0800011b   Thumb Code     0  startup_stm32f103x6.o(.text)
    DMA1_Channel1_IRQHandler                 0x0800011b   Thumb Code     0  startup_stm32f103x6.o(.text)
    DMA1_Channel2_IRQHandler                 0x0800011b   Thumb Code     0  startup_stm32f103x6.o(.text)
    DMA1_Channel3_IRQHandler                 0x0800011b   Thumb Code     0  startup_stm32f103x6.o(.text)
    DMA1_Channel4_IRQHandler                 0x0800011b   Thumb Code     0  startup_stm32f103x6.o(.text)
    DMA1_Channel5_IRQHandler                 0x0800011b   Thumb Code     0  startup_stm32f103x6.o(.text)
    EXTI0_IRQHandler                         0x0800011b   Thumb Code     0  startup_stm32f103x6.o(.text)
    EXTI15_10_IRQHandler                     0x0800011b   Thumb Code     0  startup_stm32f103x6.o(.text)
    EXTI1_IRQHandler                         0x0800011b   Thumb Code     0  startup_stm32f103x6.o(.text)
    EXTI2_IRQHandler                         0x0800011b   Thumb Code     0  startup_stm32f103x6.o(.text)
    EXTI3_IRQHandler                         0x0800011b   Thumb Code     0  startup_stm32f103x6.o(.text)
    EXTI4_IRQHandler                         0x0800011b   Thumb Code     0  startup_stm32f103x6.o(.text)
    EXTI9_5_IRQHandler                       0x0800011b   Thumb Code     0  startup_stm32f103x6.o(.text)
    FLASH_IRQHandler                         0x0800011b   Thumb Code     0  startup_stm32f103x6.o(.text)
    I2C1_ER_IRQHandler                       0x0800011b   Thumb Code     0  startup_stm32f103x6.o(.text)
    I2C1_EV_IRQHandler                       0x0800011b   Thumb Code     0  startup_stm32f103x6.o(.text)
    PVD_IRQHandler                           0x0800011b   Thumb Code     0  startup_stm32f103x6.o(.text)
    RCC_IRQHandler                           0x0800011b   Thumb Code     0  startup_stm32f103x6.o(.text)
    RTC_Alarm_IRQHandler                     0x0800011b   Thumb Code     0  startup_stm32f103x6.o(.text)
    RTC_IRQHandler                           0x0800011b   Thumb Code     0  startup_stm32f103x6.o(.text)
    SPI1_IRQHandler                          0x0800011b   Thumb Code     0  startup_stm32f103x6.o(.text)
    TAMPER_IRQHandler                        0x0800011b   Thumb Code     0  startup_stm32f103x6.o(.text)
    TIM1_BRK_IRQHandler                      0x0800011b   Thumb Code     0  startup_stm32f103x6.o(.text)
    TIM1_CC_IRQHandler                       0x0800011b   Thumb Code     0  startup_stm32f103x6.o(.text)
    TIM1_TRG_COM_IRQHandler                  0x0800011b   Thumb Code     0  startup_stm32f103x6.o(.text)
    TIM1_UP_IRQHandler                       0x0800011b   Thumb Code     0  startup_stm32f103x6.o(.text)
    TIM2_IRQHandler                          0x0800011b   Thumb Code     0  startup_stm32f103x6.o(.text)
    TIM3_IRQHandler                          0x0800011b   Thumb Code     0  startup_stm32f103x6.o(.text)
    USART1_IRQHandler                        0x0800011b   Thumb Code     0  startup_stm32f103x6.o(.text)
    USBWakeUp_IRQHandler                     0x0800011b   Thumb Code     0  startup_stm32f103x6.o(.text)
    USB_HP_CAN1_TX_IRQHandler                0x0800011b   Thumb Code     0  startup_stm32f103x6.o(.text)
    USB_LP_CAN1_RX0_IRQHandler               0x0800011b   Thumb Code     0  startup_stm32f103x6.o(.text)
    WWDG_IRQHandler                          0x0800011b   Thumb Code     0  startup_stm32f103x6.o(.text)
    __aeabi_llsr                             0x08000125   Thumb Code    32  llushr.o(.text)
    _ll_ushift_r                             0x08000125   Thumb Code     0  llushr.o(.text)
    __aeabi_memset                           0x08000145   Thumb Code    14  memseta.o(.text)
    __aeabi_memset4                          0x08000145   Thumb Code     0  memseta.o(.text)
    __aeabi_memset8                          0x08000145   Thumb Code     0  memseta.o(.text)
    __aeabi_memclr                           0x08000153   Thumb Code     4  memseta.o(.text)
    __aeabi_memclr4                          0x08000153   Thumb Code     0  memseta.o(.text)
    __aeabi_memclr8                          0x08000153   Thumb Code     0  memseta.o(.text)
    _memset$wrapper                          0x08000157   Thumb Code    18  memseta.o(.text)
    __aeabi_fadd                             0x08000169   Thumb Code   164  fadd.o(.text)
    __aeabi_fsub                             0x0800020d   Thumb Code     6  fadd.o(.text)
    __aeabi_frsub                            0x08000213   Thumb Code     6  fadd.o(.text)
    __aeabi_dadd                             0x08000219   Thumb Code   322  dadd.o(.text)
    __aeabi_dsub                             0x0800035b   Thumb Code     6  dadd.o(.text)
    __aeabi_drsub                            0x08000361   Thumb Code     6  dadd.o(.text)
    __aeabi_dmul                             0x08000367   Thumb Code   228  dmul.o(.text)
    __aeabi_ddiv                             0x0800044b   Thumb Code   222  ddiv.o(.text)
    __ARM_scalbn                             0x08000529   Thumb Code    46  dscalb.o(.text)
    scalbn                                   0x08000529   Thumb Code     0  dscalb.o(.text)
    __aeabi_i2d                              0x08000557   Thumb Code    34  dflti.o(.text)
    __aeabi_f2d                              0x08000579   Thumb Code    38  f2d.o(.text)
    __aeabi_d2f                              0x0800059f   Thumb Code    56  d2f.o(.text)
    __aeabi_uidiv                            0x080005d7   Thumb Code     0  uidiv.o(.text)
    __aeabi_uidivmod                         0x080005d7   Thumb Code    44  uidiv.o(.text)
    __aeabi_uldivmod                         0x08000603   Thumb Code    98  uldiv.o(.text)
    __aeabi_llsl                             0x08000665   Thumb Code    30  llshl.o(.text)
    _ll_shift_l                              0x08000665   Thumb Code     0  llshl.o(.text)
    __aeabi_lasr                             0x08000683   Thumb Code    36  llsshr.o(.text)
    _ll_sshift_r                             0x08000683   Thumb Code     0  llsshr.o(.text)
    __I$use$fp                               0x080006a7   Thumb Code     0  iusefp.o(.text)
    _float_round                             0x080006a7   Thumb Code    18  fepilogue.o(.text)
    _float_epilogue                          0x080006b9   Thumb Code    92  fepilogue.o(.text)
    _double_round                            0x08000715   Thumb Code    30  depilogue.o(.text)
    _double_epilogue                         0x08000733   Thumb Code   156  depilogue.o(.text)
    __aeabi_d2ulz                            0x080007cf   Thumb Code    48  dfixul.o(.text)
    __aeabi_cdrcmple                         0x08000801   Thumb Code    48  cdrcmple.o(.text)
    __scatterload                            0x08000831   Thumb Code    28  init.o(.text)
    __scatterload_rt2                        0x08000831   Thumb Code     0  init.o(.text)
    BusFault_Handler                         0x08000855   Thumb Code     2  stm32f1xx_it.o(i.BusFault_Handler)
    DMA1_Channel6_IRQHandler                 0x08000859   Thumb Code     6  stm32f1xx_it.o(i.DMA1_Channel6_IRQHandler)
    DMA1_Channel7_IRQHandler                 0x08000865   Thumb Code     6  stm32f1xx_it.o(i.DMA1_Channel7_IRQHandler)
    DebugMon_Handler                         0x08000871   Thumb Code     2  stm32f1xx_it.o(i.DebugMon_Handler)
    Error_Handler                            0x08000873   Thumb Code     2  main.o(i.Error_Handler)
    HAL_DMA_Abort_IT                         0x08000875   Thumb Code   148  stm32f1xx_hal_dma.o(i.HAL_DMA_Abort_IT)
    HAL_DMA_IRQHandler                       0x0800090d   Thumb Code   316  stm32f1xx_hal_dma.o(i.HAL_DMA_IRQHandler)
    HAL_DMA_Init                             0x08000a61   Thumb Code    84  stm32f1xx_hal_dma.o(i.HAL_DMA_Init)
    HAL_Delay                                0x08000abd   Thumb Code    32  stm32f1xx_hal.o(i.HAL_Delay)
    HAL_GPIO_Init                            0x08000ae1   Thumb Code   418  stm32f1xx_hal_gpio.o(i.HAL_GPIO_Init)
    HAL_GPIO_TogglePin                       0x08000ca1   Thumb Code    14  stm32f1xx_hal_gpio.o(i.HAL_GPIO_TogglePin)
    HAL_GPIO_WritePin                        0x08000caf   Thumb Code    10  stm32f1xx_hal_gpio.o(i.HAL_GPIO_WritePin)
    HAL_GetTick                              0x08000cb9   Thumb Code     6  stm32f1xx_hal.o(i.HAL_GetTick)
    HAL_I2C_Init                             0x08000cc5   Thumb Code   356  stm32f1xx_hal_i2c.o(i.HAL_I2C_Init)
    HAL_I2C_Mem_Read                         0x08000e39   Thumb Code   530  stm32f1xx_hal_i2c.o(i.HAL_I2C_Mem_Read)
    HAL_I2C_Mem_Write                        0x08001059   Thumb Code   294  stm32f1xx_hal_i2c.o(i.HAL_I2C_Mem_Write)
    HAL_I2C_MspInit                          0x08001189   Thumb Code    84  stm32f1xx_hal_msp.o(i.HAL_I2C_MspInit)
    HAL_IncTick                              0x080011e9   Thumb Code    12  stm32f1xx_hal.o(i.HAL_IncTick)
    HAL_Init                                 0x080011f9   Thumb Code    32  stm32f1xx_hal.o(i.HAL_Init)
    HAL_InitTick                             0x0800121d   Thumb Code    54  stm32f1xx_hal.o(i.HAL_InitTick)
    HAL_MspInit                              0x0800125d   Thumb Code    52  stm32f1xx_hal_msp.o(i.HAL_MspInit)
    HAL_NVIC_EnableIRQ                       0x08001299   Thumb Code    26  stm32f1xx_hal_cortex.o(i.HAL_NVIC_EnableIRQ)
    HAL_NVIC_SetPriority                     0x080012b5   Thumb Code    60  stm32f1xx_hal_cortex.o(i.HAL_NVIC_SetPriority)
    HAL_NVIC_SetPriorityGrouping             0x080012f5   Thumb Code    26  stm32f1xx_hal_cortex.o(i.HAL_NVIC_SetPriorityGrouping)
    HAL_RCC_ClockConfig                      0x08001319   Thumb Code   280  stm32f1xx_hal_rcc.o(i.HAL_RCC_ClockConfig)
    HAL_RCC_GetPCLK1Freq                     0x08001445   Thumb Code    20  stm32f1xx_hal_rcc.o(i.HAL_RCC_GetPCLK1Freq)
    HAL_RCC_GetPCLK2Freq                     0x08001465   Thumb Code    20  stm32f1xx_hal_rcc.o(i.HAL_RCC_GetPCLK2Freq)
    HAL_RCC_GetSysClockFreq                  0x08001485   Thumb Code    74  stm32f1xx_hal_rcc.o(i.HAL_RCC_GetSysClockFreq)
    HAL_RCC_OscConfig                        0x080014f1   Thumb Code   778  stm32f1xx_hal_rcc.o(i.HAL_RCC_OscConfig)
    HAL_SYSTICK_Config                       0x08001811   Thumb Code    40  stm32f1xx_hal_cortex.o(i.HAL_SYSTICK_Config)
    HAL_UART_ErrorCallback                   0x08001839   Thumb Code     2  stm32f1xx_hal_uart.o(i.HAL_UART_ErrorCallback)
    HAL_UART_IRQHandler                      0x0800183d   Thumb Code   266  stm32f1xx_hal_uart.o(i.HAL_UART_IRQHandler)
    HAL_UART_Init                            0x0800194d   Thumb Code    98  stm32f1xx_hal_uart.o(i.HAL_UART_Init)
    HAL_UART_MspInit                         0x080019b1   Thumb Code   194  stm32f1xx_hal_msp.o(i.HAL_UART_MspInit)
    HAL_UART_Receive_IT                      0x08001a8d   Thumb Code    82  stm32f1xx_hal_uart.o(i.HAL_UART_Receive_IT)
    HAL_UART_RxCpltCallback                  0x08001ae1   Thumb Code   156  main.o(i.HAL_UART_RxCpltCallback)
    HAL_UART_Transmit                        0x08001ba5   Thumb Code   186  stm32f1xx_hal_uart.o(i.HAL_UART_Transmit)
    HAL_UART_TxCpltCallback                  0x08001c5f   Thumb Code     2  stm32f1xx_hal_uart.o(i.HAL_UART_TxCpltCallback)
    HardFault_Handler                        0x08001c61   Thumb Code     2  stm32f1xx_it.o(i.HardFault_Handler)
    MPU6050_Init                             0x08002009   Thumb Code   158  main.o(i.MPU6050_Init)
    MPU6050_Read_Accel                       0x080020ad   Thumb Code   120  main.o(i.MPU6050_Read_Accel)
    MPU6050_Read_Gyro                        0x0800212d   Thumb Code   124  main.o(i.MPU6050_Read_Gyro)
    MemManage_Handler                        0x080021b5   Thumb Code     2  stm32f1xx_it.o(i.MemManage_Handler)
    NMI_Handler                              0x080021b7   Thumb Code     2  stm32f1xx_it.o(i.NMI_Handler)
    PendSV_Handler                           0x080021b9   Thumb Code     2  stm32f1xx_it.o(i.PendSV_Handler)
    QMC5883l_Init                            0x080021bd   Thumb Code    82  main.o(i.QMC5883l_Init)
    Read_QMC5883l                            0x08002215   Thumb Code   148  main.o(i.Read_QMC5883l)
    SVC_Handler                              0x080022b5   Thumb Code     2  stm32f1xx_it.o(i.SVC_Handler)
    SysTick_Handler                          0x080022b7   Thumb Code     4  stm32f1xx_it.o(i.SysTick_Handler)
    SystemClock_Config                       0x080022bb   Thumb Code    66  main.o(i.SystemClock_Config)
    SystemInit                               0x080022fd   Thumb Code    56  system_stm32f1xx.o(i.SystemInit)
    USART2_IRQHandler                        0x08002589   Thumb Code     6  stm32f1xx_it.o(i.USART2_IRQHandler)
    UsageFault_Handler                       0x08002595   Thumb Code     2  stm32f1xx_it.o(i.UsageFault_Handler)
    __0printf                                0x08002599   Thumb Code    22  printfa.o(i.__0printf)
    __1printf                                0x08002599   Thumb Code     0  printfa.o(i.__0printf)
    __2printf                                0x08002599   Thumb Code     0  printfa.o(i.__0printf)
    __c89printf                              0x08002599   Thumb Code     0  printfa.o(i.__0printf)
    printf                                   0x08002599   Thumb Code     0  printfa.o(i.__0printf)
    __scatterload_copy                       0x080025d9   Thumb Code    14  handlers.o(i.__scatterload_copy)
    __scatterload_null                       0x080025e7   Thumb Code     2  handlers.o(i.__scatterload_null)
    __scatterload_zeroinit                   0x080025e9   Thumb Code    14  handlers.o(i.__scatterload_zeroinit)
    fputc                                    0x08002ead   Thumb Code    18  main.o(i.fputc)
    main                                     0x08002ec5   Thumb Code   808  main.o(i.main)
    outputA                                  0x08003231   Thumb Code    98  main.o(i.outputA)
    outputG                                  0x080032a9   Thumb Code    98  main.o(i.outputG)
    output_m                                 0x08003321   Thumb Code    98  main.o(i.output_m)
    AHBPrescTable                            0x08003398   Data          16  system_stm32f1xx.o(.constdata)
    APBPrescTable                            0x080033a8   Data           8  system_stm32f1xx.o(.constdata)
    Region$$Table$$Base                      0x080033b0   Number         0  anon$$obj.o(Region$$Table)
    Region$$Table$$Limit                     0x080033d0   Number         0  anon$$obj.o(Region$$Table)
    bAx                                      0x20000000   Data           1  main.o(.data)
    bAy                                      0x20000001   Data           1  main.o(.data)
    bAz                                      0x20000002   Data           1  main.o(.data)
    bmx                                      0x20000003   Data           1  main.o(.data)
    bmy                                      0x20000004   Data           1  main.o(.data)
    bmz                                      0x20000005   Data           1  main.o(.data)
    Accel_X_RAW                              0x20000006   Data           2  main.o(.data)
    Accel_Y_RAW                              0x20000008   Data           2  main.o(.data)
    Accel_Z_RAW                              0x2000000a   Data           2  main.o(.data)
    Gyro_X_RAW                               0x2000000c   Data           2  main.o(.data)
    Gyro_Y_RAW                               0x2000000e   Data           2  main.o(.data)
    Gyro_Z_RAW                               0x20000010   Data           2  main.o(.data)
    X_gauss                                  0x20000012   Data           2  main.o(.data)
    Y_gauss                                  0x20000014   Data           2  main.o(.data)
    Z_gauss                                  0x20000016   Data           2  main.o(.data)
    enable_calib_mag                         0x20000018   Data           4  main.o(.data)
    enable_calib_acc                         0x2000001c   Data           4  main.o(.data)
    enable_calib_gyro                        0x20000020   Data           4  main.o(.data)
    enable_para                              0x20000024   Data           4  main.o(.data)
    enable_calib                             0x20000028   Data           4  main.o(.data)
    t                                        0x2000002c   Data           4  main.o(.data)
    AxPre                                    0x20000030   Data           4  main.o(.data)
    AyPre                                    0x20000034   Data           4  main.o(.data)
    AzPre                                    0x20000038   Data           4  main.o(.data)
    mxPre                                    0x2000003c   Data           4  main.o(.data)
    myPre                                    0x20000040   Data           4  main.o(.data)
    mzPre                                    0x20000044   Data           4  main.o(.data)
    i_a                                      0x20000048   Data           4  main.o(.data)
    i_m                                      0x2000004c   Data           4  main.o(.data)
    i_g                                      0x20000050   Data           4  main.o(.data)
    Ax                                       0x20000054   Data           4  main.o(.data)
    Ay                                       0x20000058   Data           4  main.o(.data)
    Az                                       0x2000005c   Data           4  main.o(.data)
    Gx                                       0x20000060   Data           4  main.o(.data)
    Gy                                       0x20000064   Data           4  main.o(.data)
    Gz                                       0x20000068   Data           4  main.o(.data)
    m_x                                      0x2000006c   Data           4  main.o(.data)
    m_y                                      0x20000070   Data           4  main.o(.data)
    m_z                                      0x20000074   Data           4  main.o(.data)
    roll                                     0x20000078   Data           4  main.o(.data)
    pitch                                    0x2000007c   Data           4  main.o(.data)
    yaw                                      0x20000080   Data           4  main.o(.data)
    roll_s                                   0x20000084   Data           4  main.o(.data)
    pitch_s                                  0x20000088   Data           4  main.o(.data)
    yaw_s                                    0x2000008c   Data           4  main.o(.data)
    q0                                       0x20000090   Data           4  main.o(.data)
    q1                                       0x20000094   Data           4  main.o(.data)
    q2                                       0x20000098   Data           4  main.o(.data)
    q3                                       0x2000009c   Data           4  main.o(.data)
    Rx_data                                  0x200000a0   Data           5  main.o(.data)
    uwTickFreq                               0x200000a8   Data           1  stm32f1xx_hal.o(.data)
    uwTickPrio                               0x200000ac   Data           4  stm32f1xx_hal.o(.data)
    uwTick                                   0x200000b0   Data           4  stm32f1xx_hal.o(.data)
    SystemCoreClock                          0x200000b4   Data           4  system_stm32f1xx.o(.data)
    __stdout                                 0x200000b8   Data           4  stdout.o(.data)
    hi2c1                                    0x200000bc   Data          84  main.o(.bss)
    huart2                                   0x20000110   Data          64  main.o(.bss)
    Mang_Ax                                  0x20000150   Data          40  main.o(.bss)
    Mang_Ay                                  0x20000178   Data          40  main.o(.bss)
    Mang_Az                                  0x200001a0   Data          40  main.o(.bss)
    Mang_Gx                                  0x200001c8   Data          40  main.o(.bss)
    Mang_Gy                                  0x200001f0   Data          40  main.o(.bss)
    Mang_Gz                                  0x20000218   Data          40  main.o(.bss)
    Mang_mx                                  0x20000240   Data          40  main.o(.bss)
    Mang_my                                  0x20000268   Data          40  main.o(.bss)
    Mang_mz                                  0x20000290   Data          40  main.o(.bss)
    x                                        0x200002b8   Data          52  main.o(.bss)
    x_k_1                                    0x200002ec   Data          52  main.o(.bss)
    F_k                                      0x20000320   Data         676  main.o(.bss)
    L_k                                      0x200005c4   Data         468  main.o(.bss)
    z_k                                      0x20000798   Data          36  main.o(.bss)
    H_k                                      0x200007bc   Data         468  main.o(.bss)
    hdma_usart2_rx                           0x20000990   Data          68  main.o(.bss)
    hdma_usart2_tx                           0x200009d4   Data          68  main.o(.bss)
    __initial_sp                             0x20000e18   Data           0  startup_stm32f103x6.o(STACK)



==============================================================================

Memory Map of the image

  Image Entry point : 0x080000ed

  Load Region LR_IROM1 (Base: 0x08000000, Size: 0x0000348c, Max: 0x00008000, ABSOLUTE)

    Execution Region ER_IROM1 (Exec base: 0x08000000, Load base: 0x08000000, Size: 0x000033d0, Max: 0x00008000, ABSOLUTE)

    Exec Addr    Load Addr    Size         Type   Attr      Idx    E Section Name        Object

    0x08000000   0x08000000   0x000000ec   Data   RO            3    RESET               startup_stm32f103x6.o
    0x080000ec   0x080000ec   0x00000000   Code   RO         2307  * .ARM.Collect$$$$00000000  mc_w.l(entry.o)
    0x080000ec   0x080000ec   0x00000004   Code   RO         2630    .ARM.Collect$$$$00000001  mc_w.l(entry2.o)
    0x080000f0   0x080000f0   0x00000004   Code   RO         2633    .ARM.Collect$$$$00000004  mc_w.l(entry5.o)
    0x080000f4   0x080000f4   0x00000000   Code   RO         2635    .ARM.Collect$$$$00000008  mc_w.l(entry7b.o)
    0x080000f4   0x080000f4   0x00000000   Code   RO         2637    .ARM.Collect$$$$0000000A  mc_w.l(entry8b.o)
    0x080000f4   0x080000f4   0x00000008   Code   RO         2638    .ARM.Collect$$$$0000000B  mc_w.l(entry9a.o)
    0x080000fc   0x080000fc   0x00000000   Code   RO         2640    .ARM.Collect$$$$0000000D  mc_w.l(entry10a.o)
    0x080000fc   0x080000fc   0x00000000   Code   RO         2642    .ARM.Collect$$$$0000000F  mc_w.l(entry11a.o)
    0x080000fc   0x080000fc   0x00000004   Code   RO         2631    .ARM.Collect$$$$00002712  mc_w.l(entry2.o)
    0x08000100   0x08000100   0x00000024   Code   RO            4    .text               startup_stm32f103x6.o
    0x08000124   0x08000124   0x00000020   Code   RO         2310    .text               mc_w.l(llushr.o)
    0x08000144   0x08000144   0x00000024   Code   RO         2312    .text               mc_w.l(memseta.o)
    0x08000168   0x08000168   0x000000b0   Code   RO         2575    .text               mf_w.l(fadd.o)
    0x08000218   0x08000218   0x0000014e   Code   RO         2583    .text               mf_w.l(dadd.o)
    0x08000366   0x08000366   0x000000e4   Code   RO         2585    .text               mf_w.l(dmul.o)
    0x0800044a   0x0800044a   0x000000de   Code   RO         2587    .text               mf_w.l(ddiv.o)
    0x08000528   0x08000528   0x0000002e   Code   RO         2589    .text               mf_w.l(dscalb.o)
    0x08000556   0x08000556   0x00000022   Code   RO         2591    .text               mf_w.l(dflti.o)
    0x08000578   0x08000578   0x00000026   Code   RO         2593    .text               mf_w.l(f2d.o)
    0x0800059e   0x0800059e   0x00000038   Code   RO         2595    .text               mf_w.l(d2f.o)
    0x080005d6   0x080005d6   0x0000002c   Code   RO         2645    .text               mc_w.l(uidiv.o)
    0x08000602   0x08000602   0x00000062   Code   RO         2647    .text               mc_w.l(uldiv.o)
    0x08000664   0x08000664   0x0000001e   Code   RO         2649    .text               mc_w.l(llshl.o)
    0x08000682   0x08000682   0x00000024   Code   RO         2651    .text               mc_w.l(llsshr.o)
    0x080006a6   0x080006a6   0x00000000   Code   RO         2660    .text               mc_w.l(iusefp.o)
    0x080006a6   0x080006a6   0x0000006e   Code   RO         2661    .text               mf_w.l(fepilogue.o)
    0x08000714   0x08000714   0x000000ba   Code   RO         2663    .text               mf_w.l(depilogue.o)
    0x080007ce   0x080007ce   0x00000030   Code   RO         2667    .text               mf_w.l(dfixul.o)
    0x080007fe   0x080007fe   0x00000002   PAD
    0x08000800   0x08000800   0x00000030   Code   RO         2671    .text               mf_w.l(cdrcmple.o)
    0x08000830   0x08000830   0x00000024   Code   RO         2673    .text               mc_w.l(init.o)
    0x08000854   0x08000854   0x00000002   Code   RO          292    i.BusFault_Handler  stm32f1xx_it.o
    0x08000856   0x08000856   0x00000002   PAD
    0x08000858   0x08000858   0x0000000c   Code   RO          293    i.DMA1_Channel6_IRQHandler  stm32f1xx_it.o
    0x08000864   0x08000864   0x0000000c   Code   RO          294    i.DMA1_Channel7_IRQHandler  stm32f1xx_it.o
    0x08000870   0x08000870   0x00000002   Code   RO          295    i.DebugMon_Handler  stm32f1xx_it.o
    0x08000872   0x08000872   0x00000002   Code   RO           13    i.Error_Handler     main.o
    0x08000874   0x08000874   0x00000098   Code   RO         1273    i.HAL_DMA_Abort_IT  stm32f1xx_hal_dma.o
    0x0800090c   0x0800090c   0x00000154   Code   RO         1277    i.HAL_DMA_IRQHandler  stm32f1xx_hal_dma.o
    0x08000a60   0x08000a60   0x0000005c   Code   RO         1278    i.HAL_DMA_Init      stm32f1xx_hal_dma.o
    0x08000abc   0x08000abc   0x00000024   Code   RO          900    i.HAL_Delay         stm32f1xx_hal.o
    0x08000ae0   0x08000ae0   0x000001c0   Code   RO         1208    i.HAL_GPIO_Init     stm32f1xx_hal_gpio.o
    0x08000ca0   0x08000ca0   0x0000000e   Code   RO         1211    i.HAL_GPIO_TogglePin  stm32f1xx_hal_gpio.o
    0x08000cae   0x08000cae   0x0000000a   Code   RO         1212    i.HAL_GPIO_WritePin  stm32f1xx_hal_gpio.o
    0x08000cb8   0x08000cb8   0x0000000c   Code   RO          904    i.HAL_GetTick       stm32f1xx_hal.o
    0x08000cc4   0x08000cc4   0x00000174   Code   RO          482    i.HAL_I2C_Init      stm32f1xx_hal_i2c.o
    0x08000e38   0x08000e38   0x00000220   Code   RO          500    i.HAL_I2C_Mem_Read  stm32f1xx_hal_i2c.o
    0x08001058   0x08001058   0x00000130   Code   RO          503    i.HAL_I2C_Mem_Write  stm32f1xx_hal_i2c.o
    0x08001188   0x08001188   0x00000060   Code   RO          387    i.HAL_I2C_MspInit   stm32f1xx_hal_msp.o
    0x080011e8   0x080011e8   0x00000010   Code   RO          910    i.HAL_IncTick       stm32f1xx_hal.o
    0x080011f8   0x080011f8   0x00000024   Code   RO          911    i.HAL_Init          stm32f1xx_hal.o
    0x0800121c   0x0800121c   0x00000040   Code   RO          912    i.HAL_InitTick      stm32f1xx_hal.o
    0x0800125c   0x0800125c   0x0000003c   Code   RO          388    i.HAL_MspInit       stm32f1xx_hal_msp.o
    0x08001298   0x08001298   0x0000001a   Code   RO         1368    i.HAL_NVIC_EnableIRQ  stm32f1xx_hal_cortex.o
    0x080012b2   0x080012b2   0x00000002   PAD
    0x080012b4   0x080012b4   0x00000040   Code   RO         1374    i.HAL_NVIC_SetPriority  stm32f1xx_hal_cortex.o
    0x080012f4   0x080012f4   0x00000024   Code   RO         1375    i.HAL_NVIC_SetPriorityGrouping  stm32f1xx_hal_cortex.o
    0x08001318   0x08001318   0x0000012c   Code   RO         1068    i.HAL_RCC_ClockConfig  stm32f1xx_hal_rcc.o
    0x08001444   0x08001444   0x00000020   Code   RO         1075    i.HAL_RCC_GetPCLK1Freq  stm32f1xx_hal_rcc.o
    0x08001464   0x08001464   0x00000020   Code   RO         1076    i.HAL_RCC_GetPCLK2Freq  stm32f1xx_hal_rcc.o
    0x08001484   0x08001484   0x0000006c   Code   RO         1077    i.HAL_RCC_GetSysClockFreq  stm32f1xx_hal_rcc.o
    0x080014f0   0x080014f0   0x00000320   Code   RO         1080    i.HAL_RCC_OscConfig  stm32f1xx_hal_rcc.o
    0x08001810   0x08001810   0x00000028   Code   RO         1379    i.HAL_SYSTICK_Config  stm32f1xx_hal_cortex.o
    0x08001838   0x08001838   0x00000002   Code   RO         1915    i.HAL_UART_ErrorCallback  stm32f1xx_hal_uart.o
    0x0800183a   0x0800183a   0x00000002   PAD
    0x0800183c   0x0800183c   0x00000110   Code   RO         1918    i.HAL_UART_IRQHandler  stm32f1xx_hal_uart.o
    0x0800194c   0x0800194c   0x00000062   Code   RO         1919    i.HAL_UART_Init     stm32f1xx_hal_uart.o
    0x080019ae   0x080019ae   0x00000002   PAD
    0x080019b0   0x080019b0   0x000000dc   Code   RO          390    i.HAL_UART_MspInit  stm32f1xx_hal_msp.o
    0x08001a8c   0x08001a8c   0x00000052   Code   RO         1924    i.HAL_UART_Receive_IT  stm32f1xx_hal_uart.o
    0x08001ade   0x08001ade   0x00000002   PAD
    0x08001ae0   0x08001ae0   0x000000c4   Code   RO           14    i.HAL_UART_RxCpltCallback  main.o
    0x08001ba4   0x08001ba4   0x000000ba   Code   RO         1927    i.HAL_UART_Transmit  stm32f1xx_hal_uart.o
    0x08001c5e   0x08001c5e   0x00000002   Code   RO         1930    i.HAL_UART_TxCpltCallback  stm32f1xx_hal_uart.o
    0x08001c60   0x08001c60   0x00000002   Code   RO          296    i.HardFault_Handler  stm32f1xx_it.o
    0x08001c62   0x08001c62   0x0000002e   Code   RO          524    i.I2C_IsAcknowledgeFailed  stm32f1xx_hal_i2c.o
    0x08001c90   0x08001c90   0x000000e6   Code   RO          533    i.I2C_RequestMemoryRead  stm32f1xx_hal_i2c.o
    0x08001d76   0x08001d76   0x00000002   PAD
    0x08001d78   0x08001d78   0x00000094   Code   RO          534    i.I2C_RequestMemoryWrite  stm32f1xx_hal_i2c.o
    0x08001e0c   0x08001e0c   0x0000004c   Code   RO          537    i.I2C_WaitOnBTFFlagUntilTimeout  stm32f1xx_hal_i2c.o
    0x08001e58   0x08001e58   0x00000068   Code   RO          538    i.I2C_WaitOnFlagUntilTimeout  stm32f1xx_hal_i2c.o
    0x08001ec0   0x08001ec0   0x00000096   Code   RO          539    i.I2C_WaitOnMasterAddressFlagUntilTimeout  stm32f1xx_hal_i2c.o
    0x08001f56   0x08001f56   0x00000066   Code   RO          540    i.I2C_WaitOnRXNEFlagUntilTimeout  stm32f1xx_hal_i2c.o
    0x08001fbc   0x08001fbc   0x0000004c   Code   RO          541    i.I2C_WaitOnTXEFlagUntilTimeout  stm32f1xx_hal_i2c.o
    0x08002008   0x08002008   0x000000a4   Code   RO           15    i.MPU6050_Init      main.o
    0x080020ac   0x080020ac   0x00000080   Code   RO           16    i.MPU6050_Read_Accel  main.o
    0x0800212c   0x0800212c   0x00000088   Code   RO           17    i.MPU6050_Read_Gyro  main.o
    0x080021b4   0x080021b4   0x00000002   Code   RO          297    i.MemManage_Handler  stm32f1xx_it.o
    0x080021b6   0x080021b6   0x00000002   Code   RO          298    i.NMI_Handler       stm32f1xx_it.o
    0x080021b8   0x080021b8   0x00000002   Code   RO          299    i.PendSV_Handler    stm32f1xx_it.o
    0x080021ba   0x080021ba   0x00000002   PAD
    0x080021bc   0x080021bc   0x00000058   Code   RO           19    i.QMC5883l_Init     main.o
    0x08002214   0x08002214   0x000000a0   Code   RO           20    i.Read_QMC5883l     main.o
    0x080022b4   0x080022b4   0x00000002   Code   RO          300    i.SVC_Handler       stm32f1xx_it.o
    0x080022b6   0x080022b6   0x00000004   Code   RO          301    i.SysTick_Handler   stm32f1xx_it.o
    0x080022ba   0x080022ba   0x00000042   Code   RO           21    i.SystemClock_Config  main.o
    0x080022fc   0x080022fc   0x00000048   Code   RO         2221    i.SystemInit        system_stm32f1xx.o
    0x08002344   0x08002344   0x00000010   Code   RO         1932    i.UART_DMAAbortOnError  stm32f1xx_hal_uart.o
    0x08002354   0x08002354   0x0000001c   Code   RO         1942    i.UART_EndRxTransfer  stm32f1xx_hal_uart.o
    0x08002370   0x08002370   0x00000096   Code   RO         1944    i.UART_Receive_IT   stm32f1xx_hal_uart.o
    0x08002406   0x08002406   0x00000002   PAD
    0x08002408   0x08002408   0x000000b8   Code   RO         1945    i.UART_SetConfig    stm32f1xx_hal_uart.o
    0x080024c0   0x080024c0   0x00000062   Code   RO         1946    i.UART_Transmit_IT  stm32f1xx_hal_uart.o
    0x08002522   0x08002522   0x00000064   Code   RO         1947    i.UART_WaitOnFlagUntilTimeout  stm32f1xx_hal_uart.o
    0x08002586   0x08002586   0x00000002   PAD
    0x08002588   0x08002588   0x0000000c   Code   RO          302    i.USART2_IRQHandler  stm32f1xx_it.o
    0x08002594   0x08002594   0x00000002   Code   RO          303    i.UsageFault_Handler  stm32f1xx_it.o
    0x08002596   0x08002596   0x00000002   PAD
    0x08002598   0x08002598   0x00000020   Code   RO         2547    i.__0printf         mc_w.l(printfa.o)
    0x080025b8   0x080025b8   0x00000020   Code   RO         1381    i.__NVIC_SetPriority  stm32f1xx_hal_cortex.o
    0x080025d8   0x080025d8   0x0000000e   Code   RO         2681    i.__scatterload_copy  mc_w.l(handlers.o)
    0x080025e6   0x080025e6   0x00000002   Code   RO         2682    i.__scatterload_null  mc_w.l(handlers.o)
    0x080025e8   0x080025e8   0x0000000e   Code   RO         2683    i.__scatterload_zeroinit  mc_w.l(handlers.o)
    0x080025f6   0x080025f6   0x00000002   PAD
    0x080025f8   0x080025f8   0x00000184   Code   RO         2554    i._fp_digits        mc_w.l(printfa.o)
    0x0800277c   0x0800277c   0x000006dc   Code   RO         2555    i._printf_core      mc_w.l(printfa.o)
    0x08002e58   0x08002e58   0x00000024   Code   RO         2556    i._printf_post_padding  mc_w.l(printfa.o)
    0x08002e7c   0x08002e7c   0x0000002e   Code   RO         2557    i._printf_pre_padding  mc_w.l(printfa.o)
    0x08002eaa   0x08002eaa   0x00000002   PAD
    0x08002eac   0x08002eac   0x00000018   Code   RO           25    i.fputc             main.o
    0x08002ec4   0x08002ec4   0x0000036c   Code   RO           26    i.main              main.o
    0x08003230   0x08003230   0x00000078   Code   RO           32    i.outputA           main.o
    0x080032a8   0x080032a8   0x00000078   Code   RO           33    i.outputG           main.o
    0x08003320   0x08003320   0x00000078   Code   RO           34    i.output_m          main.o
    0x08003398   0x08003398   0x00000010   Data   RO         2222    .constdata          system_stm32f1xx.o
    0x080033a8   0x080033a8   0x00000008   Data   RO         2223    .constdata          system_stm32f1xx.o
    0x080033b0   0x080033b0   0x00000020   Data   RO         2679    Region$$Table       anon$$obj.o


    Execution Region RW_IRAM1 (Exec base: 0x20000000, Load base: 0x080033d0, Size: 0x00000e18, Max: 0x00002800, ABSOLUTE)

    Exec Addr    Load Addr    Size         Type   Attr      Idx    E Section Name        Object

    0x20000000   0x080033d0   0x000000a5   Data   RW           48    .data               main.o
    0x200000a5   0x08003475   0x00000003   PAD
    0x200000a8   0x08003478   0x0000000c   Data   RW          918    .data               stm32f1xx_hal.o
    0x200000b4   0x08003484   0x00000004   Data   RW         2224    .data               system_stm32f1xx.o
    0x200000b8   0x08003488   0x00000004   Data   RW         2644    .data               mc_w.l(stdout.o)
    0x200000bc        -       0x000008d4   Zero   RW           36    .bss                main.o
    0x20000990        -       0x00000044   Zero   RW           37    .bss                main.o
    0x200009d4        -       0x00000044   Zero   RW           38    .bss                main.o
    0x20000a18        -       0x00000400   Zero   RW            1    STACK               startup_stm32f103x6.o


==============================================================================

Image component sizes


      Code (inc. data)   RO Data    RW Data    ZI Data      Debug   Object Name

      2200        224          0        165       2396     404685   main.o
        36          8        236          0       1024        796   startup_stm32f103x6.o
       164         28          0         12          0       5509   stm32f1xx_hal.o
       198         14          0          0          0      28899   stm32f1xx_hal_cortex.o
       584         36          0          0          0       2695   stm32f1xx_hal_dma.o
       472         30          0          0          0       3453   stm32f1xx_hal_gpio.o
      2152         44          0          0          0      12230   stm32f1xx_hal_i2c.o
       376         46          0          0          0       2383   stm32f1xx_hal_msp.o
      1272        100          0          0          0       5156   stm32f1xx_hal_rcc.o
      1218         12          0          0          0       9231   stm32f1xx_hal_uart.o
        56         18          0          0          0       5024   stm32f1xx_it.o
        72         16         24          4          0       1139   system_stm32f1xx.o

    ----------------------------------------------------------------------
      8820        576        292        184       3420     481200   Object Totals
         0          0         32          0          0          0   (incl. Generated)
        20          0          0          3          0          0   (incl. Padding)

    ----------------------------------------------------------------------

      Code (inc. data)   RO Data    RW Data    ZI Data      Debug   Library Member Name

         0          0          0          0          0          0   entry.o
         0          0          0          0          0          0   entry10a.o
         0          0          0          0          0          0   entry11a.o
         8          4          0          0          0          0   entry2.o
         4          0          0          0          0          0   entry5.o
         0          0          0          0          0          0   entry7b.o
         0          0          0          0          0          0   entry8b.o
         8          4          0          0          0          0   entry9a.o
        30          0          0          0          0          0   handlers.o
        36          8          0          0          0         68   init.o
         0          0          0          0          0          0   iusefp.o
        30          0          0          0          0         68   llshl.o
        36          0          0          0          0         68   llsshr.o
        32          0          0          0          0         68   llushr.o
        36          0          0          0          0        108   memseta.o
      2258         90          0          0          0        452   printfa.o
         0          0          0          4          0          0   stdout.o
        44          0          0          0          0         80   uidiv.o
        98          0          0          0          0         92   uldiv.o
        48          0          0          0          0         68   cdrcmple.o
        56          0          0          0          0         88   d2f.o
       334          0          0          0          0        148   dadd.o
       222          0          0          0          0        100   ddiv.o
       186          0          0          0          0        176   depilogue.o
        48          0          0          0          0         68   dfixul.o
        34          0          0          0          0         76   dflti.o
       228          0          0          0          0         96   dmul.o
        46          0          0          0          0         80   dscalb.o
        38          0          0          0          0         68   f2d.o
       176          0          0          0          0        140   fadd.o
       110          0          0          0          0        168   fepilogue.o

    ----------------------------------------------------------------------
      4152        106          0          4          0       2280   Library Totals
         6          0          0          0          0          0   (incl. Padding)

    ----------------------------------------------------------------------

      Code (inc. data)   RO Data    RW Data    ZI Data      Debug   Library Name

      2620        106          0          4          0       1004   mc_w.l
      1526          0          0          0          0       1276   mf_w.l

    ----------------------------------------------------------------------
      4152        106          0          4          0       2280   Library Totals

    ----------------------------------------------------------------------

==============================================================================


      Code (inc. data)   RO Data    RW Data    ZI Data      Debug   

     12972        682        292        188       3420     478848   Grand Totals
     12972        682        292        188       3420     478848   ELF Image Totals
     12972        682        292        188          0          0   ROM Totals

==============================================================================

    Total RO  Size (Code + RO Data)                13264 (  12.95kB)
    Total RW  Size (RW Data + ZI Data)              3608 (   3.52kB)
    Total ROM Size (Code + RO Data + RW Data)      13452 (  13.14kB)

==============================================================================

